Archive member included to satisfy reference by file (symbol)

G:/devkitpro/libctru/lib\libctru.a(console.o)
                              main.o (consoleSelect)
G:/devkitpro/libctru/lib\libctru.a(gfx.o)
                              G:/devkitpro/libctru/lib\libctru.a(console.o) (gfxSetScreenFormat)
G:/devkitpro/libctru/lib\libctru.a(gx.o)
                              G:/devkitpro/libctru/lib\libctru.a(gfx.o) (gxCmdBuf)
G:/devkitpro/libctru/lib\libctru.a(am.o)
                              main.o (AM_GetTitleCount)
G:/devkitpro/libctru/lib\libctru.a(apt.o)
                              main.o (aptMainLoop)
G:/devkitpro/libctru/lib\libctru.a(cfgu.o)
                              main.o (cfguInit)
G:/devkitpro/libctru/lib\libctru.a(fs.o)
                              main.o (fsInit)
G:/devkitpro/libctru/lib\libctru.a(gspgpu.o)
                              G:/devkitpro/libctru/lib\libctru.a(gfx.o) (gspInit)
G:/devkitpro/libctru/lib\libctru.a(hid.o)
                              main.o (hidScanInput)
G:/devkitpro/libctru/lib\libctru.a(irrst.o)
                              G:/devkitpro/libctru/lib\libctru.a(hid.o) (irrstScanInput)
G:/devkitpro/libctru/lib\libctru.a(ptmu.o)
                              main.o (PTMU_GetBatteryLevel)
G:/devkitpro/libctru/lib\libctru.a(initArgv.o)
                              g:/devkitpro/devkitarm/bin/../lib/gcc/arm-none-eabi/5.3.0/../../../../arm-none-eabi/lib/armv6k/fpu/3dsx_crt0.o (__system_argc)
G:/devkitpro/libctru/lib\libctru.a(initSystem.o)
                              G:/devkitpro/libctru/lib\libctru.a(apt.o) (__system_retAddr)
G:/devkitpro/libctru/lib\libctru.a(syscalls.o)
                              G:/devkitpro/libctru/lib\libctru.a(initSystem.o) (__system_initSyscalls)
G:/devkitpro/libctru/lib\libctru.a(svc.o)
                              G:/devkitpro/libctru/lib\libctru.a(gfx.o) (svcCreateEvent)
G:/devkitpro/libctru/lib\libctru.a(stack_adjust.o)
                              g:/devkitpro/devkitarm/bin/../lib/gcc/arm-none-eabi/5.3.0/../../../../arm-none-eabi/lib/armv6k/fpu/3dsx_crt0.o (initSystem)
G:/devkitpro/libctru/lib\libctru.a(default_font.bin.o)
                              G:/devkitpro/libctru/lib\libctru.a(console.o) (default_font_bin)
G:/devkitpro/libctru/lib\libctru.a(linear.o)
                              G:/devkitpro/libctru/lib\libctru.a(gfx.o) (linearAlloc)
G:/devkitpro/libctru/lib\libctru.a(mappable.o)
                              G:/devkitpro/libctru/lib\libctru.a(gfx.o) (mappableAlloc)
G:/devkitpro/libctru/lib\libctru.a(mem_pool.o)
                              G:/devkitpro/libctru/lib\libctru.a(linear.o) (MemPool::Allocate(MemChunk&, unsigned long, int))
G:/devkitpro/libctru/lib\libctru.a(vram.o)
                              G:/devkitpro/libctru/lib\libctru.a(gfx.o) (vramAlloc)
G:/devkitpro/libctru/lib\libctru.a(env.o)
                              G:/devkitpro/libctru/lib\libctru.a(fs.o) (envGetHandle)
G:/devkitpro/libctru/lib\libctru.a(os.o)
                              G:/devkitpro/libctru/lib\libctru.a(syscalls.o) (__libctru_gtod)
G:/devkitpro/libctru/lib\libctru.a(srv.o)
                              G:/devkitpro/libctru/lib\libctru.a(am.o) (srvGetServiceHandle)
G:/devkitpro/libctru/lib\libctru.a(synchronization.o)
                              G:/devkitpro/libctru/lib\libctru.a(initSystem.o) (__sync_init)
G:/devkitpro/libctru/lib\libctru.a(thread.o)
                              G:/devkitpro/libctru/lib\libctru.a(apt.o) (threadCreate)
G:/devkitpro/libctru/lib\libctru.a(ptmsysm.o)
                              G:/devkitpro/libctru/lib\libctru.a(os.o) (ptmSysmInit)
G:/devkitpro/libctru/lib\libctru.a(rbtree_find.o)
                              G:/devkitpro/libctru/lib\libctru.a(linear.o) (rbtree_find)
G:/devkitpro/libctru/lib\libctru.a(rbtree_init.o)
                              G:/devkitpro/libctru/lib\libctru.a(linear.o) (rbtree_init)
G:/devkitpro/libctru/lib\libctru.a(rbtree_insert.o)
                              G:/devkitpro/libctru/lib\libctru.a(linear.o) (rbtree_insert)
G:/devkitpro/libctru/lib\libctru.a(rbtree_remove.o)
                              G:/devkitpro/libctru/lib\libctru.a(linear.o) (rbtree_remove)
G:/devkitpro/libctru/lib\libctru.a(rbtree_rotate.o)
                              G:/devkitpro/libctru/lib\libctru.a(rbtree_insert.o) (rbtree_rotate)
G:/devkitpro/libctru/lib\libctru.a(allocateHeaps.o)
                              G:/devkitpro/libctru/lib\libctru.a(initSystem.o) (__system_allocateHeaps)
G:/devkitpro/libctru/lib\libctru.a(appExit.o)
                              G:/devkitpro/libctru/lib\libctru.a(stack_adjust.o) (__appExit)
G:/devkitpro/libctru/lib\libctru.a(appInit.o)
                              G:/devkitpro/libctru/lib\libctru.a(stack_adjust.o) (__appInit)
G:/devkitpro/libctru/lib\libctru.a(ctru_exit.o)
                              G:/devkitpro/libctru/lib\libctru.a(stack_adjust.o) (__libctru_exit)
G:/devkitpro/libctru/lib\libctru.a(sdmc_dev.o)
[...]
Memory Configuration

Name             Origin             Length             Attributes
*default*        0x00000000         0xffffffff

Linker script and memory map

                0x00100000                . = 0x100000
                0x00100000                __start__ = .

.text           0x00100000    0x26c6c
 *(.crt0)
 .crt0          0x00100000       0x94 g:/devkitpro/devkitarm/bin/../lib/gcc/arm-none-eabi/5.3.0/../../../../arm-none-eabi/lib/armv6k/fpu/3dsx_crt0.o
                0x00100000                _start
                0x00100008                __service_ptr
                0x0010000c                __apt_appid
                0x00100010                __heap_size
                0x00100014                __linear_heap_size
                0x00100018                __system_arglist
                0x0010001c                __system_runflags
 *(.init)
 .init          0x00100094        0xc g:/devkitpro/devkitarm/bin/../lib/gcc/arm-none-eabi/5.3.0/armv6k/fpu/crti.o
                0x00100094                _init
 .init          0x001000a0        0xc g:/devkitpro/devkitarm/bin/../lib/gcc/arm-none-eabi/5.3.0/armv6k/fpu/crtn.o
                0x001000ac                . = ALIGN (0x4)
 *(.text)
 .text          0x001000ac      0x108 g:/devkitpro/devkitarm/bin/../lib/gcc/arm-none-eabi/5.3.0/armv6k/fpu/crtbegin.o
 .text          0x001001b4       0x64 G:/devkitpro/libctru/lib\libctru.a(stack_adjust.o)
                0x001001b4                initSystem
                0x001001f8                __ctru_exit
 .text          0x00100218      0x240 g:/devkitpro/devkitarm/bin/../lib/gcc/arm-none-eabi/5.3.0/armv6k/fpu\libgcc.a(_divsi3.o)
                0x00100218                __divsi3
                0x00100218                __aeabi_idiv
                0x00100438                __aeabi_idivmod
 .text          0x00100458        0x4 g:/devkitpro/devkitarm/bin/../lib/gcc/arm-none-eabi/5.3.0/armv6k/fpu\libgcc.a(_dvmd_tls.o)
                0x00100458                __aeabi_idiv0
                0x00100458                __aeabi_ldiv0
 *fill*         0x0010045c        0x4 
 .text          0x00100460      0x3a0 g:/devkitpro/devkitarm/bin/../lib/gcc/arm-none-eabi/5.3.0/../../../../arm-none-eabi/lib/armv6k/fpu\libg.a(lib_a-strcmp.o)
                0x00100468                strcmp
 .text          0x00100800      0x1c4 g:/devkitpro/devkitarm/bin/../lib/gcc/arm-none-eabi/5.3.0/../../../../arm-none-eabi/lib/armv6k/fpu\libsysbase.a(iosupport.o)
                0x00100808                setDefaultDevice
                0x00100820                FindDevice
                0x001008dc                RemoveDevice
                0x00100908                AddDevice
                0x001009a0                GetDeviceOpTab
 .text          0x001009c4       0x7c g:/devkitpro/devkitarm/bin/../lib/gcc/arm-none-eabi/5.3.0/../../../../arm-none-eabi/lib/armv6k/fpu\libsysbase.a(close.o)
                0x001009c4                _close_r
 .text          0x00100a40       0x6c g:/devkitpro/devkitarm/bin/../lib/gcc/arm-none-eabi/5.3.0/../../../../arm-none-eabi/lib/armv6k/fpu\libsysbase.a(fstat.o)
                0x00100a40                _fstat_r
 .text          0x00100aac        0x8 g:/devkitpro/devkitarm/bin/../lib/gcc/arm-none-eabi/5.3.0/../../../../arm-none-eabi/lib/armv6k/fpu\libsysbase.a(isatty.o)
                0x00100aac                _isatty_r
 .text          0x00100ab4       0x78 g:/devkitpro/devkitarm/bin/../lib/gcc/arm-none-eabi/5.3.0/../../../../arm-none-eabi/lib/armv6k/fpu\libsysbase.a(lseek.o)
                0x00100ab4                _lseek_r
 .text          0x00100b2c       0x78 g:/devkitpro/devkitarm/bin/../lib/gcc/arm-none-eabi/5.3.0/../../../../arm-none-eabi/lib/armv6k/fpu\libsysbase.a(read.o)
                0x00100b2c                _read_r
 .text          0x00100ba4       0x70 g:/devkitpro/devkitarm/bin/../lib/gcc/arm-none-eabi/5.3.0/../../../../arm-none-eabi/lib/armv6k/fpu\libsysbase.a(sbrk.o)
                0x00100ba4                _sbrk_r
 .text          0x00100c14       0x78 g:/devkitpro/devkitarm/bin/../lib/gcc/arm-none-eabi/5.3.0/../../../../arm-none-eabi/lib/armv6k/fpu\libsysbase.a(write.o)
                0x00100c14                _write_r
 .text          0x00100c8c      0x3b0 g:/devkitpro/devkitarm/bin/../lib/gcc/arm-none-eabi/5.3.0/../../../../arm-none-eabi/lib/armv6k/fpu\libsysbase.a(chdir.o)
                0x00100c8c                _concatenate_path
                0x00100e48                chdir
                0x00100f9c                getcwd
 .text          0x0010103c       0x10 g:/devkitpro/devkitarm/bin/../lib/gcc/arm-none-eabi/5.3.0/../../../../arm-none-eabi/lib/armv6k/fpu\libsysbase.a(flock.o)
                0x0010103c                __flockfile
                0x00101044                __funlockfile
 .text          0x0010104c      0x108 g:/devkitpro/devkitarm/bin/../lib/gcc/arm-none-eabi/5.3.0/../../../../arm-none-eabi/lib/armv6k/fpu\libsysbase.a(syscall_support.o)
                0x0010104c                __libc_lock_init
                0x00101064                __libc_lock_acquire
                0x0010107c                __libc_lock_try_acquire
                0x001010a0                __libc_lock_release
                0x001010b8                __libc_lock_close
                0x001010d0                __libc_lock_init_recursive
                0x001010e8                __libc_lock_acquire_recursive
                0x00101100                __libc_lock_try_acquire_recursive
                0x00101124                __libc_lock_release_recursive
                0x0010113c                __libc_lock_close_recursive
 .text          0x00101154      0x2c4 g:/devkitpro/devkitarm/bin/../lib/gcc/arm-none-eabi/5.3.0/../../../../arm-none-eabi/lib/armv6k/fpu\libsysbase.a(handle_manager.o)
                0x00101154                __free_handle
                0x00101198                __release_handle
                0x001011d4                __alloc_handle
                0x0010124c                __get_handle
                0x00101268                dup
                0x0010130c                dup2
 .text          0x00101418       0x28 g:/devkitpro/devkitarm/bin/../lib/gcc/arm-none-eabi/5.3.0/../../../../arm-none-eabi/lib/armv6k/fpu\libsysbase.a(getreent.o)
                0x00101418                __getreent
 .text          0x00101440      0x20c g:/devkitpro/devkitarm/bin/../lib/gcc/arm-none-eabi/5.3.0/armv6k/fpu\libgcc.a(_udivsi3.o)
                0x00101440                __aeabi_uidiv
                0x00101440                __udivsi3
                0x0010162c                __aeabi_uidivmod
 .text          0x0010164c       0x3c g:/devkitpro/devkitarm/bin/../lib/gcc/arm-none-eabi/5.3.0/armv6k/fpu\libgcc.a(_aeabi_uldivmod.o)
                0x0010164c                __aeabi_uldivmod
 .text          0x00101688      0x128 g:/devkitpro/devkitarm/bin/../lib/gcc/arm-none-eabi/5.3.0/armv6k/fpu\libgcc.a(_udivmoddi4.o)
                0x00101688                __udivmoddi4
 *(.text.*)
 .text.clearScreen
                0x001017b0       0x58 main.o
                0x001017b0                clearScreen
 .text.checkTTP
                0x00101808      0x284 main.o
                0x00101808                checkTTP
 .text.downgradeMenu
                0x00101a8c      0x6d0 main.o
                0x00101a8c                downgradeMenu
 .text.mainMenu
                0x0010215c       0xc0 main.o
                0x0010215c                mainMenu
 .text.startup.main
                0x0010221c       0xd8 main.o
                0x0010221c                main
 .text.SHA1Reset
                0x001022f4       0x58 sha1.o
                0x001022f4                SHA1Reset
 .text.SHA1ProcessMessageBlock
                0x0010234c      0x240 sha1.o
                0x0010234c                SHA1ProcessMessageBlock
 .text.SHA1Input
                0x0010258c       0xc8 sha1.o
                0x0010258c                SHA1Input
 .text.SHA1PadMessage
                0x00102654      0x10c sha1.o
                0x00102654                SHA1PadMessage
 .text.SHA1Result
                0x00102760       0x40 sha1.o
                0x00102760                SHA1Result
 .text.debug_write
                0x001027a0       0x1c G:/devkitpro/libctru/lib\libctru.a(console.o)
                0x001027a0                debug_write
 .text.consoleSelect
                0x001027bc       0x18 G:/devkitpro/libctru/lib\libctru.a(console.o)
                0x001027bc                consoleSelect
 .text.consoleDrawChar
                0x001027d4      0x1ac G:/devkitpro/libctru/lib\libctru.a(console.o)
                0x001027d4                consoleDrawChar
 .text.consolePrintChar
                0x00102980      0x128 G:/devkitpro/libctru/lib\libctru.a(console.o)
                0x00102980                consolePrintChar
 .text.consoleCls
                0x00102aa8      0x184 G:/devkitpro/libctru/lib\libctru.a(console.o)
 .text.consoleInit
                0x00102c2c       0xf8 G:/devkitpro/libctru/lib\libctru.a(console.o)
                0x00102c2c                consoleInit
 .text.consoleClearLine
                0x00102d24      0x138 G:/devkitpro/libctru/lib\libctru.a(console.o)
 .text.newRow   0x00102e5c       0xc0 G:/devkitpro/libctru/lib\libctru.a(console.o)
 .text.con_write
                0x00102f1c      0x86c G:/devkitpro/libctru/lib\libctru.a(console.o)
                0x00102f1c                con_write
 .text.consoleClear
                0x00103788        0xc G:/devkitpro/libctru/lib\libctru.a(console.o)
                0x00103788                consoleClear
 .text.gfxSetFramebufferInfo.part.0
                0x00103794       0x8c G:/devkitpro/libctru/lib\libctru.a(gfx.o)
 .text.gfxSetScreenFormat
                0x00103820       0x18 G:/devkitpro/libctru/lib\libctru.a(gfx.o)
                0x00103820                gfxSetScreenFormat
 .text.gfxSetDoubleBuffering
                0x00103838       0x14 G:/devkitpro/libctru/lib\libctru.a(gfx.o)
                0x00103838                gfxSetDoubleBuffering
 .text.gfxSetFramebufferInfo
                0x0010384c       0x70 G:/devkitpro/libctru/lib\libctru.a(gfx.o)
                0x0010384c                gfxSetFramebufferInfo
 .text.gfxWriteFramebufferInfo
                0x001038bc       0xc4 G:/devkitpro/libctru/lib\libctru.a(gfx.o)
                0x001038bc                gfxWriteFramebufferInfo
 .text.gfxInit  0x00103980      0x1d0 G:/devkitpro/libctru/lib\libctru.a(gfx.o)
                0x00103980                gfxInit
 .text.gfxInitDefault
                0x00103b50       0x10 G:/devkitpro/libctru/lib\libctru.a(gfx.o)
                0x00103b50                gfxInitDefault
 .text.gfxExit  0x00103b60       0xe0 G:/devkitpro/libctru/lib\libctru.a(gfx.o)
                0x00103b60                gfxExit
 .text.gfxGetFramebuffer
                0x00103c40       0xb0 G:/devkitpro/libctru/lib\libctru.a(gfx.o)
                0x00103c40                gfxGetFramebuffer
 .text.gfxFlushBuffers
                0x00103cf0       0xcc G:/devkitpro/libctru/lib\libctru.a(gfx.o)
                0x00103cf0                gfxFlushBuffers
 .text.gfxSwapBuffers
                0x00103dbc       0x6c G:/devkitpro/libctru/lib\libctru.a(gfx.o)
                0x00103dbc                gfxSwapBuffers
 .text.gfxSwapBuffersGpu
                0x00103e28       0x5c G:/devkitpro/libctru/lib\libctru.a(gfx.o)
                0x00103e28                gfxSwapBuffersGpu
 .text.__apt_initservicehandle
                0x00103e84       0x68 G:/devkitpro/libctru/lib\libctru.a(apt.o)
 .text._aptDebug
                0x00103eec        0x4 G:/devkitpro/libctru/lib\libctru.a(apt.o)
                0x00103eec                _aptDebug
 .text.aptInitCaptureInfo
                0x00103ef0       0x98 G:/devkitpro/libctru/lib\libctru.a(apt.o)
                0x00103ef0                aptInitCaptureInfo
 .text.aptWaitStatusEvent
                0x00103f88       0x28 G:/devkitpro/libctru/lib\libctru.a(apt.o)
                0x00103f88                aptWaitStatusEvent
 .text.aptGetMenuAppID
                0x00103fb0       0x60 G:/devkitpro/libctru/lib\libctru.a(apt.o)
                0x00103fb0                aptGetMenuAppID
 .text.aptSetStatus
                0x00104010       0x6c G:/devkitpro/libctru/lib\libctru.a(apt.o)
                0x00104010                aptSetStatus
 .text.APT_GetLockHandle
                0x0010407c       0x48 G:/devkitpro/libctru/lib\libctru.a(apt.o)
                0x0010407c                APT_GetLockHandle
 .text.APT_Initialize
                0x001040c4       0x60 G:/devkitpro/libctru/lib\libctru.a(apt.o)
                0x001040c4                APT_Initialize
 .text.APT_Finalize
                0x00104124       0x34 G:/devkitpro/libctru/lib\libctru.a(apt.o)
                0x00104124                APT_Finalize
 .text.APT_InquireNotification
                0x00104158       0x48 G:/devkitpro/libctru/lib\libctru.a(apt.o)
                0x00104158                APT_InquireNotification
 .text.APT_PrepareToJumpToHomeMenu
                0x001041a0       0x2c G:/devkitpro/libctru/lib\libctru.a(apt.o)
                0x001041a0                APT_PrepareToJumpToHomeMenu
 .text.APT_JumpToHomeMenu
                0x001041cc       0x50 G:/devkitpro/libctru/lib\libctru.a(apt.o)
                0x001041cc                APT_JumpToHomeMenu
 .text.APT_PrepareToJumpToApplication
                0x0010421c       0x34 G:/devkitpro/libctru/lib\libctru.a(apt.o)
                0x0010421c                APT_PrepareToJumpToApplication
 .text.APT_JumpToApplication
                0x00104250       0x50 G:/devkitpro/libctru/lib\libctru.a(apt.o)
                0x00104250                APT_JumpToApplication
 .text.APT_NotifyToWait
                0x001042a0       0x34 G:/devkitpro/libctru/lib\libctru.a(apt.o)
                0x001042a0                APT_NotifyToWait
 .text.APT_AppletUtility
                0x001042d4       0x7c G:/devkitpro/libctru/lib\libctru.a(apt.o)
                0x001042d4                APT_AppletUtility
 .text.aptAppletUtility_Exit_RetToApp
                0x00104350      0x188 G:/devkitpro/libctru/lib\libctru.a(apt.o)
                0x00104350                aptAppletUtility_Exit_RetToApp
 .text.aptAppletClosed
                0x001044d8       0x3c G:/devkitpro/libctru/lib\libctru.a(apt.o)
                0x001044d8                aptAppletClosed
 .text.aptAppStarted
                0x00104514      0x114 G:/devkitpro/libctru/lib\libctru.a(apt.o)
 .text.aptInit  0x00104628      0x298 G:/devkitpro/libctru/lib\libctru.a(apt.o)
                0x00104628                aptInit
 .text.APT_ReceiveParameter
                0x001048c0       0x6c G:/devkitpro/libctru/lib\libctru.a(apt.o)
                0x001048c0                APT_ReceiveParameter
 .text.APT_SendParameter
                0x0010492c       0x64 G:/devkitpro/libctru/lib\libctru.a(apt.o)
                0x0010492c                APT_SendParameter
 .text.APT_SendCaptureBufferInfo
                0x00104990       0x44 G:/devkitpro/libctru/lib\libctru.a(apt.o)
                0x00104990                APT_SendCaptureBufferInfo
 .text.aptReturnToMenu
                0x001049d4      0x264 G:/devkitpro/libctru/lib\libctru.a(apt.o)
                0x001049d4                aptReturnToMenu
 .text.APT_ReplySleepQuery
                0x00104c38       0x38 G:/devkitpro/libctru/lib\libctru.a(apt.o)
                0x00104c38                APT_ReplySleepQuery
 .text.APT_ReplySleepNotificationComplete
                0x00104c70       0x34 G:/devkitpro/libctru/lib\libctru.a(apt.o)
                0x00104c70                APT_ReplySleepNotificationComplete
 .text.aptEventHandler
                0x00104ca4      0x3f4 G:/devkitpro/libctru/lib\libctru.a(apt.o)
                0x00104ca4                aptEventHandler
 .text.APT_PrepareToCloseApplication
                0x00105098       0x34 G:/devkitpro/libctru/lib\libctru.a(apt.o)
                0x00105098                APT_PrepareToCloseApplication
 .text.APT_CloseApplication
                0x001050cc       0x50 G:/devkitpro/libctru/lib\libctru.a(apt.o)
                0x001050cc                APT_CloseApplication
 .text.aptExit  0x0010511c      0x2d0 G:/devkitpro/libctru/lib\libctru.a(apt.o)
                0x0010511c                aptExit
 .text.APT_CheckNew3DS_System
                0x001053ec       0x6c G:/devkitpro/libctru/lib\libctru.a(apt.o)
                0x001053ec                APT_CheckNew3DS_System
 .text.APT_CheckNew3DS
                0x00105458       0x8c G:/devkitpro/libctru/lib\libctru.a(apt.o)
                0x00105458                APT_CheckNew3DS
 .text.APT_StartLibraryApplet
                0x001054e4       0x54 G:/devkitpro/libctru/lib\libctru.a(apt.o)
                0x001054e4                APT_StartLibraryApplet
 .text.aptAppletStarted
                0x00105538      0x174 G:/devkitpro/libctru/lib\libctru.a(apt.o)
                0x00105538                aptAppletStarted
 .text.aptMainLoop
                0x001056ac      0x1a4 G:/devkitpro/libctru/lib\libctru.a(apt.o)
                0x001056ac                aptMainLoop
 .text.cfguInit
                0x00105850       0xa0 G:/devkitpro/libctru/lib\libctru.a(cfgu.o)
                0x00105850                cfguInit
 .text.CFGU_SecureInfoGetRegion
                0x001058f0       0x38 G:/devkitpro/libctru/lib\libctru.a(cfgu.o)
                0x001058f0                CFGU_SecureInfoGetRegion
 .text.CFGU_GetSystemModel
                0x00105928       0x38 G:/devkitpro/libctru/lib\libctru.a(cfgu.o)
                0x00105928                CFGU_GetSystemModel
 .text.fsInit   0x00105960       0xc8 G:/devkitpro/libctru/lib\libctru.a(fs.o)
                0x00105960                fsInit
 .text.fsExit   0x00105a28       0x34 G:/devkitpro/libctru/lib\libctru.a(fs.o)
                0x00105a28                fsExit
 .text.fsMakePath
                0x00105a5c       0x88 G:/devkitpro/libctru/lib\libctru.a(fs.o)
                0x00105a5c                fsMakePath
 .text.FSUSER_OpenFile
                0x00105ae4       0xdc G:/devkitpro/libctru/lib\libctru.a(fs.o)
                0x00105ae4                FSUSER_OpenFile
 .text.FSUSER_DeleteFile
                0x00105bc0       0xb8 G:/devkitpro/libctru/lib\libctru.a(fs.o)
                0x00105bc0                FSUSER_DeleteFile
 .text.FSUSER_RenameFile
                0x00105c78       0xf4 G:/devkitpro/libctru/lib\libctru.a(fs.o)
                0x00105c78                FSUSER_RenameFile
 .text.FSUSER_DeleteDirectory
                0x00105d6c       0xb8 G:/devkitpro/libctru/lib\libctru.a(fs.o)
                0x00105d6c                FSUSER_DeleteDirectory
 .text.FSUSER_CreateFile
                0x00105e24       0xd0 G:/devkitpro/libctru/lib\libctru.a(fs.o)
                0x00105e24                FSUSER_CreateFile
 .text.FSUSER_CreateDirectory
                0x00105ef4       0xc0 G:/devkitpro/libctru/lib\libctru.a(fs.o)
                0x00105ef4                FSUSER_CreateDirectory
 .text.FSUSER_RenameDirectory
                0x00105fb4       0xf4 G:/devkitpro/libctru/lib\libctru.a(fs.o)
                0x00105fb4                FSUSER_RenameDirectory
 .text.FSUSER_OpenDirectory
                0x001060a8       0xc4 G:/devkitpro/libctru/lib\libctru.a(fs.o)
                0x001060a8                FSUSER_OpenDirectory
 .text.FSUSER_OpenArchive
                0x0010616c       0xbc G:/devkitpro/libctru/lib\libctru.a(fs.o)
                0x0010616c                FSUSER_OpenArchive
 .text.FSUSER_CloseArchive
                0x00106228       0x88 G:/devkitpro/libctru/lib\libctru.a(fs.o)
                0x00106228                FSUSER_CloseArchive
 .text.FSUSER_GetSdmcArchiveResource
                0x001062b0       0x8c G:/devkitpro/libctru/lib\libctru.a(fs.o)
                0x001062b0                FSUSER_GetSdmcArchiveResource
 .text.FSUSER_IsSdmcWritable
                0x0010633c       0x64 G:/devkitpro/libctru/lib\libctru.a(fs.o)
                0x0010633c                FSUSER_IsSdmcWritable
 .text.FSFILE_Read
                0x001063a0       0x5c G:/devkitpro/libctru/lib\libctru.a(fs.o)
                0x001063a0                FSFILE_Read
 .text.FSFILE_Write
                0x001063fc       0x64 G:/devkitpro/libctru/lib\libctru.a(fs.o)
                0x001063fc                FSFILE_Write
 .text.FSFILE_GetSize
                0x00106460       0x3c G:/devkitpro/libctru/lib\libctru.a(fs.o)
                0x00106460                FSFILE_GetSize
 .text.FSFILE_SetSize
                0x0010649c       0x2c G:/devkitpro/libctru/lib\libctru.a(fs.o)
                0x0010649c                FSFILE_SetSize
 .text.FSFILE_Close
                0x001064c8       0x3c G:/devkitpro/libctru/lib\libctru.a(fs.o)
                0x001064c8                FSFILE_Close
 .text.FSFILE_Flush
                0x00106504       0x24 G:/devkitpro/libctru/lib\libctru.a(fs.o)
                0x00106504                FSFILE_Flush
 .text.FSDIR_Read
                0x00106528       0x54 G:/devkitpro/libctru/lib\libctru.a(fs.o)
                0x00106528                FSDIR_Read
 .text.FSDIR_Close
                0x0010657c       0x3c G:/devkitpro/libctru/lib\libctru.a(fs.o)
                0x0010657c                FSDIR_Close
 .text.gspEventThreadMain
                0x001065b8       0xe8 G:/devkitpro/libctru/lib\libctru.a(gspgpu.o)
 .text.gspInit  0x001066a0       0x74 G:/devkitpro/libctru/lib\libctru.a(gspgpu.o)
                0x001066a0                gspInit
 .text.gspExit  0x00106714       0x3c G:/devkitpro/libctru/lib\libctru.a(gspgpu.o)
                0x00106714                gspExit
 .text.gspInitEventHandler
                0x00106750       0xd0 G:/devkitpro/libctru/lib\libctru.a(gspgpu.o)
                0x00106750                gspInitEventHandler
 .text.gspExitEventHandler
                0x00106820       0x5c G:/devkitpro/libctru/lib\libctru.a(gspgpu.o)
                0x00106820                gspExitEventHandler
 .text.gspWaitForEvent
                0x0010687c       0x58 G:/devkitpro/libctru/lib\libctru.a(gspgpu.o)
                0x0010687c                gspWaitForEvent
 .text.GSPGPU_SetBufferSwap
                0x001068d4       0x6c G:/devkitpro/libctru/lib\libctru.a(gspgpu.o)
                0x001068d4                GSPGPU_SetBufferSwap
 .text.GSPGPU_FlushDataCache
                0x00106940       0x4c G:/devkitpro/libctru/lib\libctru.a(gspgpu.o)
                0x00106940                GSPGPU_FlushDataCache
 .text.GSPGPU_SetLcdForceBlack
                0x0010698c       0x34 G:/devkitpro/libctru/lib\libctru.a(gspgpu.o)
                0x0010698c                GSPGPU_SetLcdForceBlack
 .text.GSPGPU_RegisterInterruptRelayQueue
                0x001069c0       0x64 G:/devkitpro/libctru/lib\libctru.a(gspgpu.o)
                0x001069c0                GSPGPU_RegisterInterruptRelayQueue
 .text.GSPGPU_UnregisterInterruptRelayQueue
                0x00106a24       0x2c G:/devkitpro/libctru/lib\libctru.a(gspgpu.o)
                0x00106a24                GSPGPU_UnregisterInterruptRelayQueue
 .text.GSPGPU_AcquireRight
                0x00106a50       0x48 G:/devkitpro/libctru/lib\libctru.a(gspgpu.o)
                0x00106a50                GSPGPU_AcquireRight
 .text.GSPGPU_ReleaseRight
                0x00106a98       0x2c G:/devkitpro/libctru/lib\libctru.a(gspgpu.o)
                0x00106a98                GSPGPU_ReleaseRight
 .text.GSPGPU_ImportDisplayCaptureInfo
                0x00106ac4       0x80 G:/devkitpro/libctru/lib\libctru.a(gspgpu.o)
                0x00106ac4                GSPGPU_ImportDisplayCaptureInfo
 .text.GSPGPU_SaveVramSysArea
                0x00106b44       0x2c G:/devkitpro/libctru/lib\libctru.a(gspgpu.o)
                0x00106b44                GSPGPU_SaveVramSysArea
 .text.GSPGPU_RestoreVramSysArea
                0x00106b70       0x2c G:/devkitpro/libctru/lib\libctru.a(gspgpu.o)
                0x00106b70                GSPGPU_RestoreVramSysArea
 .text.hidExit  0x00106b9c       0xd8 G:/devkitpro/libctru/lib\libctru.a(hid.o)
                0x00106b9c                hidExit
 .text.hidScanInput
                0x00106c74      0x238 G:/devkitpro/libctru/lib\libctru.a(hid.o)
                0x00106c74                hidScanInput
 .text.hidKeysDown
                0x00106eac       0x10 G:/devkitpro/libctru/lib\libctru.a(hid.o)
                0x00106eac                hidKeysDown
 .text.HIDUSER_GetHandles
                0x00106ebc       0x90 G:/devkitpro/libctru/lib\libctru.a(hid.o)
                0x00106ebc                HIDUSER_GetHandles
 .text.hidInit  0x00106f4c      0x184 G:/devkitpro/libctru/lib\libctru.a(hid.o)
                0x00106f4c                hidInit
 .text.irrstScanInput
                0x001070d0       0xb0 G:/devkitpro/libctru/lib\libctru.a(irrst.o)
                0x001070d0                irrstScanInput
 .text.irrstKeysHeld
                0x00107180       0x1c G:/devkitpro/libctru/lib\libctru.a(irrst.o)
                0x00107180                irrstKeysHeld
 .text.IRRST_GetHandles
                0x0010719c       0x50 G:/devkitpro/libctru/lib\libctru.a(irrst.o)
                0x0010719c                IRRST_GetHandles
 .text.irrstInit
                0x001071ec      0x148 G:/devkitpro/libctru/lib\libctru.a(irrst.o)
                0x001071ec                irrstInit
 .text.IRRST_Shutdown
                0x00107334       0x2c G:/devkitpro/libctru/lib\libctru.a(irrst.o)
                0x00107334                IRRST_Shutdown
 .text.irrstExit
                0x00107360       0xb0 G:/devkitpro/libctru/lib\libctru.a(irrst.o)
                0x00107360                irrstExit
 .text.PTMU_GetBatteryLevel
                0x00107410       0x38 G:/devkitpro/libctru/lib\libctru.a(ptmu.o)
                0x00107410                PTMU_GetBatteryLevel
 .text.PTMU_GetBatteryChargeState
                0x00107448       0x38 G:/devkitpro/libctru/lib\libctru.a(ptmu.o)
                0x00107448                PTMU_GetBatteryChargeState
 .text.__system_initArgv
                0x00107480       0xf4 G:/devkitpro/libctru/lib\libctru.a(initArgv.o)
                0x00107480                __system_initArgv
 .text.__libctru_init
                0x00107574       0x38 G:/devkitpro/libctru/lib\libctru.a(initSystem.o)
                0x00107574                __libctru_init
 .text.__ctru_get_reent
                0x001075ac       0x30 G:/devkitpro/libctru/lib\libctru.a(syscalls.o)
 .text.__system_initSyscalls
                0x001075dc       0xe8 G:/devkitpro/libctru/lib\libctru.a(syscalls.o)
                0x001075dc                __system_initSyscalls
 .text.svcControlMemory
                0x001076c4       0x20 G:/devkitpro/libctru/lib\libctru.a(svc.o)
                0x001076c4                svcControlMemory
 .text.svcExitProcess
                0x001076e4        0x8 G:/devkitpro/libctru/lib\libctru.a(svc.o)
                0x001076e4                svcExitProcess
 .text.svcCreateThread
                0x001076ec       0x20 G:/devkitpro/libctru/lib\libctru.a(svc.o)
                0x001076ec                svcCreateThread
 .text.svcExitThread
                0x0010770c        0x8 G:/devkitpro/libctru/lib\libctru.a(svc.o)
                0x0010770c                svcExitThread
 .text.svcCreateEvent
                0x00107714       0x14 G:/devkitpro/libctru/lib\libctru.a(svc.o)
                0x00107714                svcCreateEvent
 .text.svcSignalEvent
                0x00107728        0x8 G:/devkitpro/libctru/lib\libctru.a(svc.o)
                0x00107728                svcSignalEvent
 .text.svcClearEvent
                0x00107730        0x8 G:/devkitpro/libctru/lib\libctru.a(svc.o)
                0x00107730                svcClearEvent
 .text.svcMapMemoryBlock
                0x00107738        0x8 G:/devkitpro/libctru/lib\libctru.a(svc.o)
                0x00107738                svcMapMemoryBlock
 .text.svcUnmapMemoryBlock
                0x00107740        0x8 G:/devkitpro/libctru/lib\libctru.a(svc.o)
                0x00107740                svcUnmapMemoryBlock
 .text.svcCreateAddressArbiter
                0x00107748       0x14 G:/devkitpro/libctru/lib\libctru.a(svc.o)
                0x00107748                svcCreateAddressArbiter
 .text.svcArbitrateAddress
                0x0010775c       0x20 G:/devkitpro/libctru/lib\libctru.a(svc.o)
                0x0010775c                svcArbitrateAddress
 .text.svcCloseHandle
                0x0010777c        0x8 G:/devkitpro/libctru/lib\libctru.a(svc.o)
                0x0010777c                svcCloseHandle
 .text.svcWaitSynchronization
                0x00107784        0x8 G:/devkitpro/libctru/lib\libctru.a(svc.o)
                0x00107784                svcWaitSynchronization
 .text.svcWaitSynchronizationN
                0x0010778c       0x28 G:/devkitpro/libctru/lib\libctru.a(svc.o)
                0x0010778c                svcWaitSynchronizationN
 .text.svcDuplicateHandle
                0x001077b4       0x14 G:/devkitpro/libctru/lib\libctru.a(svc.o)
                0x001077b4                svcDuplicateHandle
 .text.svcGetSystemTick
                0x001077c8        0x8 G:/devkitpro/libctru/lib\libctru.a(svc.o)
                0x001077c8                svcGetSystemTick
 .text.svcGetSystemInfo
                0x001077d0       0x18 G:/devkitpro/libctru/lib\libctru.a(svc.o)
                0x001077d0                svcGetSystemInfo
 .text.svcConnectToPort
                0x001077e8       0x14 G:/devkitpro/libctru/lib\libctru.a(svc.o)
                0x001077e8                svcConnectToPort
 .text.svcSendSyncRequest
                0x001077fc        0x8 G:/devkitpro/libctru/lib\libctru.a(svc.o)
                0x001077fc                svcSendSyncRequest
 .text.svcBreak
                0x00107804        0x8 G:/devkitpro/libctru/lib\libctru.a(svc.o)
                0x00107804                svcBreak
 .text.svcOutputDebugString
                0x0010780c        0x8 G:/devkitpro/libctru/lib\libctru.a(svc.o)
                0x0010780c                svcOutputDebugString
 .text._ZL21addrMapNodeComparatorPK11rbtree_nodeS1_
                0x00107814       0x24 G:/devkitpro/libctru/lib\libctru.a(linear.o)
 .text._ZL21addrMapNodeDestructorP11rbtree_node
                0x00107838        0x4 G:/devkitpro/libctru/lib\libctru.a(linear.o)
 .text.linearMemAlign
                0x0010783c      0x140 G:/devkitpro/libctru/lib\libctru.a(linear.o)
                0x0010783c                linearMemAlign
 .text.linearAlloc
                0x0010797c        0x8 G:/devkitpro/libctru/lib\libctru.a(linear.o)
                0x0010797c                linearAlloc
 .text.linearFree
                0x00107984       0x50 G:/devkitpro/libctru/lib\libctru.a(linear.o)
                0x00107984                linearFree
 .text._ZL21addrMapNodeComparatorPK11rbtree_nodeS1_
                0x001079d4       0x24 G:/devkitpro/libctru/lib\libctru.a(mappable.o)
 .text._ZL21addrMapNodeDestructorP11rbtree_node
                0x001079f8        0x4 G:/devkitpro/libctru/lib\libctru.a(mappable.o)
 .text.mappableAlloc
                0x001079fc       0xf4 G:/devkitpro/libctru/lib\libctru.a(mappable.o)
                0x001079fc                mappableAlloc
 .text.mappableFree
                0x00107af0       0x50 G:/devkitpro/libctru/lib\libctru.a(mappable.o)
                0x00107af0                mappableFree
 .text._ZN7MemPool13CoalesceRightEP8MemBlock
                0x00107b40       0xa0 G:/devkitpro/libctru/lib\libctru.a(mem_pool.o)
                0x00107b40                MemPool::CoalesceRight(MemBlock*)
 .text._ZN7MemPool8AllocateER8MemChunkmi
                0x00107be0      0x18c G:/devkitpro/libctru/lib\libctru.a(mem_pool.o)
                0x00107be0                MemPool::Allocate(MemChunk&, unsigned long, int)
 .text._ZN7MemPool10DeallocateERK8MemChunk
                0x00107d6c      0x104 G:/devkitpro/libctru/lib\libctru.a(mem_pool.o)
                0x00107d6c                MemPool::Deallocate(MemChunk const&)
 .text._ZL21addrMapNodeComparatorPK11rbtree_nodeS1_
                0x00107e70       0x24 G:/devkitpro/libctru/lib\libctru.a(vram.o)
 .text._ZL21addrMapNodeDestructorP11rbtree_node
                0x00107e94        0x4 G:/devkitpro/libctru/lib\libctru.a(vram.o)
 .text.vramMemAlign
                0x00107e98      0x130 G:/devkitpro/libctru/lib\libctru.a(vram.o)
                0x00107e98                vramMemAlign
 .text.vramAlloc
                0x00107fc8        0x8 G:/devkitpro/libctru/lib\libctru.a(vram.o)
                0x00107fc8                vramAlloc
 .text.vramFree
                0x00107fd0       0x50 G:/devkitpro/libctru/lib\libctru.a(vram.o)
                0x00107fd0                vramFree
 .text.envGetHandle
                0x00108020       0x94 G:/devkitpro/libctru/lib\libctru.a(env.o)
                0x00108020                envGetHandle
 .text.envDestroyHandles
                0x001080b4       0x4c G:/devkitpro/libctru/lib\libctru.a(env.o)
                0x001080b4                envDestroyHandles
 .text.getSysTime
                0x00108100       0x58 G:/devkitpro/libctru/lib\libctru.a(os.o)
 .text.osGetMemRegionUsed
                0x00108158       0x24 G:/devkitpro/libctru/lib\libctru.a(os.o)
                0x00108158                osGetMemRegionUsed
 *fill*         0x0010817c        0x4 
 .text.__libctru_gtod
                0x00108180       0xf8 G:/devkitpro/libctru/lib\libctru.a(os.o)
                0x00108180                __libctru_gtod
 .text.__ctru_speedup_config
                0x00108278       0x34 G:/devkitpro/libctru/lib\libctru.a(os.o)
                0x00108278                __ctru_speedup_config
 .text.srvExit  0x001082ac       0x50 G:/devkitpro/libctru/lib\libctru.a(srv.o)
                0x001082ac                srvExit
 .text.srvRegisterClient
                0x001082fc       0x38 G:/devkitpro/libctru/lib\libctru.a(srv.o)
                0x001082fc                srvRegisterClient
 .text.srvInit  0x00108334       0x70 G:/devkitpro/libctru/lib\libctru.a(srv.o)
                0x00108334                srvInit
 .text.srvGetServiceHandleDirect
                0x001083a4       0x68 G:/devkitpro/libctru/lib\libctru.a(srv.o)
                0x001083a4                srvGetServiceHandleDirect
 .text.srvGetServiceHandle
                0x0010840c       0x38 G:/devkitpro/libctru/lib\libctru.a(srv.o)
                0x0010840c                srvGetServiceHandle
 .text.LightLock_Unlock.part.1
                0x00108444       0x34 G:/devkitpro/libctru/lib\libctru.a(synchronization.o)
 .text.__sync_init
                0x00108478        0xc G:/devkitpro/libctru/lib\libctru.a(synchronization.o)
                0x00108478                __sync_init
 .text.__sync_fini
                0x00108484       0x18 G:/devkitpro/libctru/lib\libctru.a(synchronization.o)
                0x00108484                __sync_fini
 .text.LightLock_Init
                0x0010849c       0x18 G:/devkitpro/libctru/lib\libctru.a(synchronization.o)
                0x0010849c                LightLock_Init
 .text.LightLock_Lock
                0x001084b4       0x94 G:/devkitpro/libctru/lib\libctru.a(synchronization.o)
                0x001084b4                LightLock_Lock
 .text.LightLock_TryLock
                0x00108548       0x34 G:/devkitpro/libctru/lib\libctru.a(synchronization.o)
                0x00108548                LightLock_TryLock
 .text.LightLock_Unlock
                0x0010857c       0x20 G:/devkitpro/libctru/lib\libctru.a(synchronization.o)
                0x0010857c                LightLock_Unlock
 .text.RecursiveLock_Init
                0x0010859c       0x24 G:/devkitpro/libctru/lib\libctru.a(synchronization.o)
                0x0010859c                RecursiveLock_Init
 .text.RecursiveLock_Lock
                0x001085c0       0x30 G:/devkitpro/libctru/lib\libctru.a(synchronization.o)
                0x001085c0                RecursiveLock_Lock
 .text.RecursiveLock_TryLock
                0x001085f0       0x58 G:/devkitpro/libctru/lib\libctru.a(synchronization.o)
                0x001085f0                RecursiveLock_TryLock
 .text.RecursiveLock_Unlock
                0x00108648       0x38 G:/devkitpro/libctru/lib\libctru.a(synchronization.o)
                0x00108648                RecursiveLock_Unlock
 .text.threadCreate
                0x00108680      0x1c8 G:/devkitpro/libctru/lib\libctru.a(thread.o)
                0x00108680                threadCreate
 .text.threadJoin
                0x00108848       0x24 G:/devkitpro/libctru/lib\libctru.a(thread.o)
                0x00108848                threadJoin
 .text.threadExit
                0x0010886c       0x6c G:/devkitpro/libctru/lib\libctru.a(thread.o)
                0x0010886c                threadExit
 .text._thread_begin
                0x001088d8       0x3c G:/devkitpro/libctru/lib\libctru.a(thread.o)
 .text.ptmSysmInit
                0x00108914       0x70 G:/devkitpro/libctru/lib\libctru.a(ptmsysm.o)
                0x00108914                ptmSysmInit
 .text.ptmSysmExit
                0x00108984       0x34 G:/devkitpro/libctru/lib\libctru.a(ptmsysm.o)
                0x00108984                ptmSysmExit
 .text.PTMSYSM_ConfigureNew3DSCPU
                0x001089b8       0x34 G:/devkitpro/libctru/lib\libctru.a(ptmsysm.o)
                0x001089b8                PTMSYSM_ConfigureNew3DSCPU
 .text.rbtree_find
                0x001089ec       0x70 G:/devkitpro/libctru/lib\libctru.a(rbtree_find.o)
                0x001089ec                rbtree_find
 .text.rbtree_init
                0x00108a5c       0x14 G:/devkitpro/libctru/lib\libctru.a(rbtree_init.o)
                0x00108a5c                rbtree_init
 .text.do_insert
                0x00108a70      0x1d4 G:/devkitpro/libctru/lib\libctru.a(rbtree_insert.o)
 .text.rbtree_insert
                0x00108c44        0x8 G:/devkitpro/libctru/lib\libctru.a(rbtree_insert.o)
                0x00108c44                rbtree_insert
 .text.rbtree_remove
                0x00108c4c      0x35c G:/devkitpro/libctru/lib\libctru.a(rbtree_remove.o)
                0x00108c4c                rbtree_remove
 .text.rbtree_rotate
                0x00108fa8       0xac G:/devkitpro/libctru/lib\libctru.a(rbtree_rotate.o)
                0x00108fa8                rbtree_rotate
 .text.osGetMemRegionSize
                0x00109054       0x58 G:/devkitpro/libctru/lib\libctru.a(allocateHeaps.o)
 .text.__system_allocateHeaps
                0x001090ac      0x124 G:/devkitpro/libctru/lib\libctru.a(allocateHeaps.o)
                0x001090ac                __system_allocateHeaps
 .text.__appExit
                0x001091d0       0x1c G:/devkitpro/libctru/lib\libctru.a(appExit.o)
                0x001091d0                __appExit
 .text.__appInit
                0x001091ec       0x1c G:/devkitpro/libctru/lib\libctru.a(appInit.o)
                0x001091ec                __appInit
 .text.__libctru_exit
                0x00109208       0xa4 G:/devkitpro/libctru/lib\libctru.a(ctru_exit.o)
                0x00109208                __libctru_exit
 .text.sdmc_link
                0x001092ac       0x10 G:/devkitpro/libctru/lib\libctru.a(sdmc_dev.o)
 .text.sdmc_dirreset
                0x001092bc       0x10 G:/devkitpro/libctru/lib\libctru.a(sdmc_dev.o)
 .text.sdmc_chmod
                0x001092cc       0x10 G:/devkitpro/libctru/lib\libctru.a(sdmc_dev.o)
 .text.sdmc_fchmod
                0x001092dc       0x10 G:/devkitpro/libctru/lib\libctru.a(sdmc_dev.o)
 .text.error_cmp
                0x001092ec       0x24 G:/devkitpro/libctru/lib\libctru.a(sdmc_dev.o)
 .text.sdmc_translate_error
                0x00109310       0x50 G:/devkitpro/libctru/lib\libctru.a(sdmc_dev.o)
 .text.sdmc_fsync
                0x00109360       0x34 G:/devkitpro/libctru/lib\libctru.a(sdmc_dev.o)
 .text.sdmc_ftruncate
                0x00109394       0x54 G:/devkitpro/libctru/lib\libctru.a(sdmc_dev.o)
 .text.sdmc_statvfs
                0x001093e8       0xac G:/devkitpro/libctru/lib\libctru.a(sdmc_dev.o)
 .text.sdmc_dirclose
                0x00109494       0x38 G:/devkitpro/libctru/lib\libctru.a(sdmc_dev.o)
 .text.sdmc_dirnext
                0x001094cc       0xe0 G:/devkitpro/libctru/lib\libctru.a(sdmc_dev.o)
 .text.sdmc_close
                0x001095ac       0x34 G:/devkitpro/libctru/lib\libctru.a(sdmc_dev.o)
 .text.sdmc_fstat
                0x001095e0       0x74 G:/devkitpro/libctru/lib\libctru.a(sdmc_dev.o)
 .text.sdmc_seek
                0x00109654       0xc0 G:/devkitpro/libctru/lib\libctru.a(sdmc_dev.o)
 .text.sdmc_read
                0x00109714       0x8c G:/devkitpro/libctru/lib\libctru.a(sdmc_dev.o)
 .text.sdmc_write
                0x001097a0      0x108 G:/devkitpro/libctru/lib\libctru.a(sdmc_dev.o)
 .text.sdmc_utf16path
                0x001098a8      0x1b4 G:/devkitpro/libctru/lib\libctru.a(sdmc_dev.o)
 .text.sdmc_rmdir
                0x00109a5c       0x80 G:/devkitpro/libctru/lib\libctru.a(sdmc_dev.o)
 .text.sdmc_diropen
                0x00109adc       0x9c G:/devkitpro/libctru/lib\libctru.a(sdmc_dev.o)
 .text.sdmc_chdir
                0x00109b78       0xa8 G:/devkitpro/libctru/lib\libctru.a(sdmc_dev.o)
 .text.sdmc_mkdir
                0x00109c20       0x84 G:/devkitpro/libctru/lib\libctru.a(sdmc_dev.o)
 .text.sdmc_rename
                0x00109ca4      0x138 G:/devkitpro/libctru/lib\libctru.a(sdmc_dev.o)
 .text.sdmc_unlink
                0x00109ddc       0x80 G:/devkitpro/libctru/lib\libctru.a(sdmc_dev.o)
 .text.sdmc_stat
                0x00109e5c      0x120 G:/devkitpro/libctru/lib\libctru.a(sdmc_dev.o)
 .text.sdmc_open
                0x00109f7c      0x1ac G:/devkitpro/libctru/lib\libctru.a(sdmc_dev.o)
 .text.sdmcInit
                0x0010a128      0x134 G:/devkitpro/libctru/lib\libctru.a(sdmc_dev.o)
                0x0010a128                sdmcInit
 .text.sdmcExit
                0x0010a25c       0x50 G:/devkitpro/libctru/lib\libctru.a(sdmc_dev.o)
                0x0010a25c                sdmcExit
 .text.rbtree_node_next
                0x0010a2ac       0x8c G:/devkitpro/libctru/lib\libctru.a(rbtree_iterator.o)
                0x0010a2ac                rbtree_node_next
 .text.decode_utf8
                0x0010a338      0x138 G:/devkitpro/libctru/lib\libctru.a(decode_utf8.o)
                0x0010a338                decode_utf8
 .text.utf16_to_utf8
                0x0010a470       0xe4 G:/devkitpro/libctru/lib\libctru.a(utf16_to_utf8.o)
                0x0010a470                utf16_to_utf8
 .text.utf8_to_utf16
                0x0010a554       0xbc G:/devkitpro/libctru/lib\libctru.a(utf8_to_utf16.o)
                0x0010a554                utf8_to_utf16
 .text.__aeabi_read_tp
                0x0010a610        0xc G:/devkitpro/libctru/lib\libctru.a(readtp.o)
                0x0010a610                __aeabi_read_tp
 .text.decode_utf16
                0x0010a61c       0x60 G:/devkitpro/libctru/lib\libctru.a(decode_utf16.o)
                0x0010a61c                decode_utf16
 .text.encode_utf16
                0x0010a67c       0x68 G:/devkitpro/libctru/lib\libctru.a(encode_utf16.o)
                0x0010a67c                encode_utf16
 .text.encode_utf8
                0x0010a6e4      0x104 G:/devkitpro/libctru/lib\libctru.a(encode_utf8.o)
                0x0010a6e4                encode_utf8
 .text.bsearch  0x0010a7e8       0x78 g:/devkitpro/devkitarm/bin/../lib/gcc/arm-none-eabi/5.3.0/../../../../arm-none-eabi/lib/armv6k/fpu\libg.a(lib_a-bsearch.o)
                0x0010a7e8                bsearch
 .text._fclose_r
                0x0010a860      0x120 g:/devkitpro/devkitarm/bin/../lib/gcc/arm-none-eabi/5.3.0/../../../../arm-none-eabi/lib/armv6k/fpu\libg.a(lib_a-fclose.o)
                0x0010a860                _fclose_r
 .text.__sflush_r
                0x0010a980      0x230 g:/devkitpro/devkitarm/bin/../lib/gcc/arm-none-eabi/5.3.0/../../../../arm-none-eabi/lib/armv6k/fpu\libg.a(lib_a-fflush.o)
                0x0010a980                __sflush_r
 .text._fflush_r
                0x0010abb0       0x90 g:/devkitpro/devkitarm/bin/../lib/gcc/arm-none-eabi/5.3.0/../../../../arm-none-eabi/lib/armv6k/fpu\libg.a(lib_a-fflush.o)
                0x0010abb0                _fflush_r
 .text._cleanup_r
                0x0010ac40        0xc g:/devkitpro/devkitarm/bin/../lib/gcc/arm-none-eabi/5.3.0/../../../../arm-none-eabi/lib/armv6k/fpu\libg.a(lib_a-findfp.o)
                0x0010ac40                _cleanup_r
 .text.std.isra.0
                0x0010ac4c       0x80 g:/devkitpro/devkitarm/bin/../lib/gcc/arm-none-eabi/5.3.0/../../../../arm-none-eabi/lib/armv6k/fpu\libg.a(lib_a-findfp.o)
 .text.__sinit  0x0010accc       0x8c g:/devkitpro/devkitarm/bin/../lib/gcc/arm-none-eabi/5.3.0/../../../../arm-none-eabi/lib/armv6k/fpu\libg.a(lib_a-findfp.o)
                0x0010accc                __sinit
 .text.__sfp_lock_acquire
                0x0010ad58        0xc g:/devkitpro/devkitarm/bin/../lib/gcc/arm-none-eabi/5.3.0/../../../../arm-none-eabi/lib/armv6k/fpu\libg.a(lib_a-findfp.o)
                0x0010ad58                __sfp_lock_acquire
 .text.__sfp_lock_release
                0x0010ad64        0xc g:/devkitpro/devkitarm/bin/../lib/gcc/arm-none-eabi/5.3.0/../../../../arm-none-eabi/lib/armv6k/fpu\libg.a(lib_a-findfp.o)
                0x0010ad64                __sfp_lock_release
 .text.__libc_fini_array
                0x0010ad70       0x3c g:/devkitpro/devkitarm/bin/../lib/gcc/arm-none-eabi/5.3.0/../../../../arm-none-eabi/lib/armv6k/fpu\libg.a(lib_a-fini.o)
                0x0010ad70                __libc_fini_array
 .text._malloc_trim_r
                0x0010adac       0xf8 g:/devkitpro/devkitarm/bin/../lib/gcc/arm-none-eabi/5.3.0/../../../../arm-none-eabi/lib/armv6k/fpu\libg.a(lib_a-freer.o)
                0x0010adac                _malloc_trim_r
 .text._free_r  0x0010aea4      0x2e4 g:/devkitpro/devkitarm/bin/../lib/gcc/arm-none-eabi/5.3.0/../../../../arm-none-eabi/lib/armv6k/fpu\libg.a(lib_a-freer.o)
                0x0010aea4                _free_r
 .text._fwalk_reent
                0x0010b188       0x80 g:/devkitpro/devkitarm/bin/../lib/gcc/arm-none-eabi/5.3.0/../../../../arm-none-eabi/lib/armv6k/fpu\libg.a(lib_a-fwalk.o)
                0x0010b188                _fwalk_reent
 .text.__libc_init_array
                0x0010b208       0x78 g:/devkitpro/devkitarm/bin/../lib/gcc/arm-none-eabi/5.3.0/../../../../arm-none-eabi/lib/armv6k/fpu\libg.a(lib_a-init.o)
                0x0010b208                __libc_init_array
 .text.iprintf  0x0010b280       0x38 g:/devkitpro/devkitarm/bin/../lib/gcc/arm-none-eabi/5.3.0/../../../../arm-none-eabi/lib/armv6k/fpu\libg.a(lib_a-iprintf.o)
                0x0010b280                iprintf
 .text.__smakebuf_r
                0x0010b2b8      0x160 g:/devkitpro/devkitarm/bin/../lib/gcc/arm-none-eabi/5.3.0/../../../../arm-none-eabi/lib/armv6k/fpu\libg.a(lib_a-makebuf.o)
                0x0010b2b8                __smakebuf_r
 .text.memalign
                0x0010b418       0x20 g:/devkitpro/devkitarm/bin/../lib/gcc/arm-none-eabi/5.3.0/../../../../arm-none-eabi/lib/armv6k/fpu\libg.a(lib_a-malign.o)
                0x0010b418                memalign
 .text._memalign_r
                0x0010b438      0x15c g:/devkitpro/devkitarm/bin/../lib/gcc/arm-none-eabi/5.3.0/../../../../arm-none-eabi/lib/armv6k/fpu\libg.a(lib_a-malignr.o)
                0x0010b438                _memalign_r
 .text.malloc   0x0010b594       0x18 g:/devkitpro/devkitarm/bin/../lib/gcc/arm-none-eabi/5.3.0/../../../../arm-none-eabi/lib/armv6k/fpu\libg.a(lib_a-malloc.o)
                0x0010b594                malloc
 .text.free     0x0010b5ac       0x18 g:/devkitpro/devkitarm/bin/../lib/gcc/arm-none-eabi/5.3.0/../../../../arm-none-eabi/lib/armv6k/fpu\libg.a(lib_a-malloc.o)
                0x0010b5ac                free
 .text._malloc_r
                0x0010b5c4      0x7a8 g:/devkitpro/devkitarm/bin/../lib/gcc/arm-none-eabi/5.3.0/../../../../arm-none-eabi/lib/armv6k/fpu\libg.a(lib_a-mallocr.o)
                0x0010b5c4                _malloc_r
 .text.memcpy   0x0010bd6c       0xf0 g:/devkitpro/devkitarm/bin/../lib/gcc/arm-none-eabi/5.3.0/../../../../arm-none-eabi/lib/armv6k/fpu\libg.a(lib_a-memcpy.o)
                0x0010bd6c                memcpy
 .text.memset   0x0010be5c       0xf4 g:/devkitpro/devkitarm/bin/../lib/gcc/arm-none-eabi/5.3.0/../../../../arm-none-eabi/lib/armv6k/fpu\libg.a(lib_a-memset.o)
                0x0010be5c                memset
 .text.__malloc_lock
                0x0010bf50        0xc g:/devkitpro/devkitarm/bin/../lib/gcc/arm-none-eabi/5.3.0/../../../../arm-none-eabi/lib/armv6k/fpu\libg.a(lib_a-mlock.o)
                0x0010bf50                __malloc_lock
 .text.__malloc_unlock
                0x0010bf5c        0xc g:/devkitpro/devkitarm/bin/../lib/gcc/arm-none-eabi/5.3.0/../../../../arm-none-eabi/lib/armv6k/fpu\libg.a(lib_a-mlock.o)
                0x0010bf5c                __malloc_unlock
 .text.printf   0x0010bf68       0x38 g:/devkitpro/devkitarm/bin/../lib/gcc/arm-none-eabi/5.3.0/../../../../arm-none-eabi/lib/armv6k/fpu\libg.a(lib_a-printf.o)
                0x0010bf68                printf
 .text._puts_r  0x0010bfa0       0xec g:/devkitpro/devkitarm/bin/../lib/gcc/arm-none-eabi/5.3.0/../../../../arm-none-eabi/lib/armv6k/fpu\libg.a(lib_a-puts.o)
                0x0010bfa0                _puts_r
 .text.puts     0x0010c08c       0x18 g:/devkitpro/devkitarm/bin/../lib/gcc/arm-none-eabi/5.3.0/../../../../arm-none-eabi/lib/armv6k/fpu\libg.a(lib_a-puts.o)
                0x0010c08c                puts
 .text.setvbuf  0x0010c0a4      0x1fc g:/devkitpro/devkitarm/bin/../lib/gcc/arm-none-eabi/5.3.0/../../../../arm-none-eabi/lib/armv6k/fpu\libg.a(lib_a-setvbuf.o)
                0x0010c0a4                setvbuf
 .text.sscanf   0x0010c2a0       0x74 g:/devkitpro/devkitarm/bin/../lib/gcc/arm-none-eabi/5.3.0/../../../../arm-none-eabi/lib/armv6k/fpu\libg.a(lib_a-sscanf.o)
                0x0010c2a0                sscanf
 .text.__sread  0x0010c314       0x30 g:/devkitpro/devkitarm/bin/../lib/gcc/arm-none-eabi/5.3.0/../../../../arm-none-eabi/lib/armv6k/fpu\libg.a(lib_a-stdio.o)
                0x0010c314                __sread
 .text.__seofread
                0x0010c344        0x8 g:/devkitpro/devkitarm/bin/../lib/gcc/arm-none-eabi/5.3.0/../../../../arm-none-eabi/lib/armv6k/fpu\libg.a(lib_a-stdio.o)
                0x0010c344                __seofread
 .text.__swrite
                0x0010c34c       0x54 g:/devkitpro/devkitarm/bin/../lib/gcc/arm-none-eabi/5.3.0/../../../../arm-none-eabi/lib/armv6k/fpu\libg.a(lib_a-stdio.o)
                0x0010c34c                __swrite
 .text.__sseek  0x0010c3a0       0x2c g:/devkitpro/devkitarm/bin/../lib/gcc/arm-none-eabi/5.3.0/../../../../arm-none-eabi/lib/armv6k/fpu\libg.a(lib_a-stdio.o)
                0x0010c3a0                __sseek
 .text.__sclose
                0x0010c3cc        0x8 g:/devkitpro/devkitarm/bin/../lib/gcc/arm-none-eabi/5.3.0/../../../../arm-none-eabi/lib/armv6k/fpu\libg.a(lib_a-stdio.o)
                0x0010c3cc                __sclose
 .text.strchr   0x0010c3d4      0x15c g:/devkitpro/devkitarm/bin/../lib/gcc/arm-none-eabi/5.3.0/../../../../arm-none-eabi/lib/armv6k/fpu\libg.a(lib_a-strchr.o)
                0x0010c3d4                strchr
 .text.strlen   0x0010c530       0x5c g:/devkitpro/devkitarm/bin/../lib/gcc/arm-none-eabi/5.3.0/../../../../arm-none-eabi/lib/armv6k/fpu\libg.a(lib_a-strlen.o)
                0x0010c530                strlen
 .text.strncat  0x0010c58c       0xa4 g:/devkitpro/devkitarm/bin/../lib/gcc/arm-none-eabi/5.3.0/../../../../arm-none-eabi/lib/armv6k/fpu\libg.a(lib_a-strncat.o)
                0x0010c58c                strncat
 .text.strncpy  0x0010c630       0xe0 g:/devkitpro/devkitarm/bin/../lib/gcc/arm-none-eabi/5.3.0/../../../../arm-none-eabi/lib/armv6k/fpu\libg.a(lib_a-strncpy.o)
                0x0010c630                strncpy
 .text.__ssvfscanf_r
                0x0010c710     0x2c20 g:/devkitpro/devkitarm/bin/../lib/gcc/arm-none-eabi/5.3.0/../../../../arm-none-eabi/lib/armv6k/fpu\libg.a(lib_a-svfscanf.o)
                0x0010c710                __ssvfscanf_r
 .text.get_arg  0x0010f330     0x161c g:/devkitpro/devkitarm/bin/../lib/gcc/arm-none-eabi/5.3.0/../../../../arm-none-eabi/lib/armv6k/fpu\libg.a(lib_a-vfiprintf.o)
 .text.__sprint_r.part.0
                0x0011094c       0xa4 g:/devkitpro/devkitarm/bin/../lib/gcc/arm-none-eabi/5.3.0/../../../../arm-none-eabi/lib/armv6k/fpu\libg.a(lib_a-vfiprintf.o)
 .text.__sprint_r
                0x001109f0       0x1c g:/devkitpro/devkitarm/bin/../lib/gcc/arm-none-eabi/5.3.0/../../../../arm-none-eabi/lib/armv6k/fpu\libg.a(lib_a-vfiprintf.o)
                0x001109f0                __sprint_r
 .text._vfiprintf_r
                0x00110a0c     0x3464 g:/devkitpro/devkitarm/bin/../lib/gcc/arm-none-eabi/5.3.0/../../../../arm-none-eabi/lib/armv6k/fpu\libg.a(lib_a-vfiprintf.o)
                0x00110a0c                _vfiprintf_r
 .text.__sbprintf
                0x00113e70       0xcc g:/devkitpro/devkitarm/bin/../lib/gcc/arm-none-eabi/5.3.0/../../../../arm-none-eabi/lib/armv6k/fpu\libg.a(lib_a-vfiprintf.o)
 .text.get_arg  0x00113f3c     0x161c g:/devkitpro/devkitarm/bin/../lib/gcc/arm-none-eabi/5.3.0/../../../../arm-none-eabi/lib/armv6k/fpu\libg.a(lib_a-vfprintf.o)
 .text._vfprintf_r
                0x00115558     0x4878 g:/devkitpro/devkitarm/bin/../lib/gcc/arm-none-eabi/5.3.0/../../../../arm-none-eabi/lib/armv6k/fpu\libg.a(lib_a-vfprintf.o)
                0x00115558                _vfprintf_r
 .text.__sbprintf
                0x00119dd0       0xcc g:/devkitpro/devkitarm/bin/../lib/gcc/arm-none-eabi/5.3.0/../../../../arm-none-eabi/lib/armv6k/fpu\libg.a(lib_a-vfprintf.o)
 .text._wcrtomb_r
                0x00119e9c       0x8c g:/devkitpro/devkitarm/bin/../lib/gcc/arm-none-eabi/5.3.0/../../../../arm-none-eabi/lib/armv6k/fpu\libg.a(lib_a-wcrtomb.o)
                0x00119e9c                _wcrtomb_r
 .text._wcsrtombs_r
                0x00119f28       0x20 g:/devkitpro/devkitarm/bin/../lib/gcc/arm-none-eabi/5.3.0/../../../../arm-none-eabi/lib/armv6k/fpu\libg.a(lib_a-wcsrtombs.o)
                0x00119f28                _wcsrtombs_r
 .text.__utf8_wctomb
                0x00119f48      0x114 g:/devkitpro/devkitarm/bin/../lib/gcc/arm-none-eabi/5.3.0/../../../../arm-none-eabi/lib/armv6k/fpu\libg.a(lib_a-wctomb_r.o)
                0x00119f48                __utf8_wctomb
 .text.__swsetup_r
                0x0011a05c      0x148 g:/devkitpro/devkitarm/bin/../lib/gcc/arm-none-eabi/5.3.0/../../../../arm-none-eabi/lib/armv6k/fpu\libg.a(lib_a-wsetup.o)
                0x0011a05c                __swsetup_r
 .text.quorem   0x0011a1a4      0x1bc g:/devkitpro/devkitarm/bin/../lib/gcc/arm-none-eabi/5.3.0/../../../../arm-none-eabi/lib/armv6k/fpu\libg.a(lib_a-dtoa.o)
 .text._dtoa_r  0x0011a360     0x12c8 g:/devkitpro/devkitarm/bin/../lib/gcc/arm-none-eabi/5.3.0/../../../../arm-none-eabi/lib/armv6k/fpu\libg.a(lib_a-dtoa.o)
                0x0011a360                _dtoa_r
 .text.__fputwc
                0x0011b628      0x124 g:/devkitpro/devkitarm/bin/../lib/gcc/arm-none-eabi/5.3.0/../../../../arm-none-eabi/lib/armv6k/fpu\libg.a(lib_a-fputwc.o)
                0x0011b628                __fputwc
 .text._fputwc_r
                0x0011b74c       0xa8 g:/devkitpro/devkitarm/bin/../lib/gcc/arm-none-eabi/5.3.0/../../../../arm-none-eabi/lib/armv6k/fpu\libg.a(lib_a-fputwc.o)
                0x0011b74c                _fputwc_r
 .text.__sfvwrite_r
                0x0011b7f4      0x4a4 g:/devkitpro/devkitarm/bin/../lib/gcc/arm-none-eabi/5.3.0/../../../../arm-none-eabi/lib/armv6k/fpu\libg.a(lib_a-fvwrite.o)
                0x0011b7f4                __sfvwrite_r
 .text.iswspace
                0x0011bc98       0x74 g:/devkitpro/devkitarm/bin/../lib/gcc/arm-none-eabi/5.3.0/../../../../arm-none-eabi/lib/armv6k/fpu\libg.a(lib_a-iswspace.o)
                0x0011bc98                iswspace
 .text.__jp2uc  0x0011bd0c      0x204 g:/devkitpro/devkitarm/bin/../lib/gcc/arm-none-eabi/5.3.0/../../../../arm-none-eabi/lib/armv6k/fpu\libg.a(lib_a-jp2uc.o)
 .text._jp2uc   0x0011bf10       0x84 g:/devkitpro/devkitarm/bin/../lib/gcc/arm-none-eabi/5.3.0/../../../../arm-none-eabi/lib/armv6k/fpu\libg.a(lib_a-jp2uc.o)
                0x0011bf10                _jp2uc
 .text.__locale_charset
                0x0011bf94        0xc g:/devkitpro/devkitarm/bin/../lib/gcc/arm-none-eabi/5.3.0/../../../../arm-none-eabi/lib/armv6k/fpu\libg.a(lib_a-locale.o)
                0x0011bf94                __locale_charset
 .text.__locale_mb_cur_max
                0x0011bfa0       0x10 g:/devkitpro/devkitarm/bin/../lib/gcc/arm-none-eabi/5.3.0/../../../../arm-none-eabi/lib/armv6k/fpu\libg.a(lib_a-locale.o)
                0x0011bfa0                __locale_mb_cur_max
 .text._localeconv_r
                0x0011bfb0        0xc g:/devkitpro/devkitarm/bin/../lib/gcc/arm-none-eabi/5.3.0/../../../../arm-none-eabi/lib/armv6k/fpu\libg.a(lib_a-locale.o)
                0x0011bfb0                _localeconv_r
 .text._mbrtowc_r
                0x0011bfbc       0x98 g:/devkitpro/devkitarm/bin/../lib/gcc/arm-none-eabi/5.3.0/../../../../arm-none-eabi/lib/armv6k/fpu\libg.a(lib_a-mbrtowc.o)
                0x0011bfbc                _mbrtowc_r
 .text.__utf8_mbtowc
                0x0011c054      0x2fc g:/devkitpro/devkitarm/bin/../lib/gcc/arm-none-eabi/5.3.0/../../../../arm-none-eabi/lib/armv6k/fpu\libg.a(lib_a-mbtowc_r.o)
                0x0011c054                __utf8_mbtowc
 .text.memchr   0x0011c350      0x100 g:/devkitpro/devkitarm/bin/../lib/gcc/arm-none-eabi/5.3.0/../../../../arm-none-eabi/lib/armv6k/fpu\libg.a(lib_a-memchr.o)
                0x0011c350                memchr
 .text.memmove  0x0011c450      0x128 g:/devkitpro/devkitarm/bin/../lib/gcc/arm-none-eabi/5.3.0/../../../../arm-none-eabi/lib/armv6k/fpu\libg.a(lib_a-memmove.o)
                0x0011c450                memmove
 .text._Balloc  0x0011c578       0x8c g:/devkitpro/devkitarm/bin/../lib/gcc/arm-none-eabi/5.3.0/../../../../arm-none-eabi/lib/armv6k/fpu\libg.a(lib_a-mprec.o)
                0x0011c578                _Balloc
 .text._Bfree   0x0011c604       0x1c g:/devkitpro/devkitarm/bin/../lib/gcc/arm-none-eabi/5.3.0/../../../../arm-none-eabi/lib/armv6k/fpu\libg.a(lib_a-mprec.o)
                0x0011c604                _Bfree
 .text.__multadd
                0x0011c620       0xd0 g:/devkitpro/devkitarm/bin/../lib/gcc/arm-none-eabi/5.3.0/../../../../arm-none-eabi/lib/armv6k/fpu\libg.a(lib_a-mprec.o)
                0x0011c620                __multadd
 .text.__s2b    0x0011c6f0       0xe4 g:/devkitpro/devkitarm/bin/../lib/gcc/arm-none-eabi/5.3.0/../../../../arm-none-eabi/lib/armv6k/fpu\libg.a(lib_a-mprec.o)
                0x0011c6f0                __s2b
 .text.__hi0bits
                0x0011c7d4       0x5c g:/devkitpro/devkitarm/bin/../lib/gcc/arm-none-eabi/5.3.0/../../../../arm-none-eabi/lib/armv6k/fpu\libg.a(lib_a-mprec.o)
                0x0011c7d4                __hi0bits
 .text.__lo0bits
                0x0011c830       0x98 g:/devkitpro/devkitarm/bin/../lib/gcc/arm-none-eabi/5.3.0/../../../../arm-none-eabi/lib/armv6k/fpu\libg.a(lib_a-mprec.o)
                0x0011c830                __lo0bits
 .text.__i2b    0x0011c8c8       0x20 g:/devkitpro/devkitarm/bin/../lib/gcc/arm-none-eabi/5.3.0/../../../../arm-none-eabi/lib/armv6k/fpu\libg.a(lib_a-mprec.o)
                0x0011c8c8                __i2b
 .text.__multiply
                0x0011c8e8      0x1dc g:/devkitpro/devkitarm/bin/../lib/gcc/arm-none-eabi/5.3.0/../../../../arm-none-eabi/lib/armv6k/fpu\libg.a(lib_a-mprec.o)
                0x0011c8e8                __multiply
 .text.__pow5mult
                0x0011cac4      0x100 g:/devkitpro/devkitarm/bin/../lib/gcc/arm-none-eabi/5.3.0/../../../../arm-none-eabi/lib/armv6k/fpu\libg.a(lib_a-mprec.o)
                0x0011cac4                __pow5mult
 .text.__lshift
                0x0011cbc4       0xf0 g:/devkitpro/devkitarm/bin/../lib/gcc/arm-none-eabi/5.3.0/../../../../arm-none-eabi/lib/armv6k/fpu\libg.a(lib_a-mprec.o)
                0x0011cbc4                __lshift
 .text.__mcmp   0x0011ccb4       0x64 g:/devkitpro/devkitarm/bin/../lib/gcc/arm-none-eabi/5.3.0/../../../../arm-none-eabi/lib/armv6k/fpu\libg.a(lib_a-mprec.o)
                0x0011ccb4                __mcmp
 .text.__mdiff  0x0011cd18      0x198 g:/devkitpro/devkitarm/bin/../lib/gcc/arm-none-eabi/5.3.0/../../../../arm-none-eabi/lib/armv6k/fpu\libg.a(lib_a-mprec.o)
                0x0011cd18                __mdiff
 .text.__ulp    0x0011ceb0       0x78 g:/devkitpro/devkitarm/bin/../lib/gcc/arm-none-eabi/5.3.0/../../../../arm-none-eabi/lib/armv6k/fpu\libg.a(lib_a-mprec.o)
                0x0011ceb0                __ulp
 .text.__b2d    0x0011cf28       0xd4 g:/devkitpro/devkitarm/bin/../lib/gcc/arm-none-eabi/5.3.0/../../../../arm-none-eabi/lib/armv6k/fpu\libg.a(lib_a-mprec.o)
                0x0011cf28                __b2d
 .text.__d2b    0x0011cffc      0x104 g:/devkitpro/devkitarm/bin/../lib/gcc/arm-none-eabi/5.3.0/../../../../arm-none-eabi/lib/armv6k/fpu\libg.a(lib_a-mprec.o)
                0x0011cffc                __d2b
 .text.__ratio  0x0011d100       0x78 g:/devkitpro/devkitarm/bin/../lib/gcc/arm-none-eabi/5.3.0/../../../../arm-none-eabi/lib/armv6k/fpu\libg.a(lib_a-mprec.o)
                0x0011d100                __ratio
 .text.__copybits
                0x0011d178       0x6c g:/devkitpro/devkitarm/bin/../lib/gcc/arm-none-eabi/5.3.0/../../../../arm-none-eabi/lib/armv6k/fpu\libg.a(lib_a-mprec.o)
                0x0011d178                __copybits
 .text.__any_on
                0x0011d1e4       0x80 g:/devkitpro/devkitarm/bin/../lib/gcc/arm-none-eabi/5.3.0/../../../../arm-none-eabi/lib/armv6k/fpu\libg.a(lib_a-mprec.o)
                0x0011d1e4                __any_on
 .text._realloc_r
                0x0011d264      0x4c0 g:/devkitpro/devkitarm/bin/../lib/gcc/arm-none-eabi/5.3.0/../../../../arm-none-eabi/lib/armv6k/fpu\libg.a(lib_a-reallocr.o)
                0x0011d264                _realloc_r
 .text.__sccl   0x0011d724       0xd0 g:/devkitpro/devkitarm/bin/../lib/gcc/arm-none-eabi/5.3.0/../../../../arm-none-eabi/lib/armv6k/fpu\libg.a(lib_a-sccl.o)
                0x0011d724                __sccl
 .text.nanf     0x0011d7f4        0xc g:/devkitpro/devkitarm/bin/../lib/gcc/arm-none-eabi/5.3.0/../../../../arm-none-eabi/lib/armv6k/fpu\libg.a(lib_a-sf_nan.o)
                0x0011d7f4                nanf
 .text.__fpclassifyd
                0x0011d800       0x74 g:/devkitpro/devkitarm/bin/../lib/gcc/arm-none-eabi/5.3.0/../../../../arm-none-eabi/lib/armv6k/fpu\libg.a(lib_a-s_fpclassify.o)
                0x0011d800                __fpclassifyd
 *fill*         0x0011d874        0x4 
 .text.frexp    0x0011d878       0x98 g:/devkitpro/devkitarm/bin/../lib/gcc/arm-none-eabi/5.3.0/../../../../arm-none-eabi/lib/armv6k/fpu\libg.a(lib_a-s_frexp.o)
                0x0011d878                frexp
 .text.sprintf  0x0011d910       0x68 g:/devkitpro/devkitarm/bin/../lib/gcc/arm-none-eabi/5.3.0/../../../../arm-none-eabi/lib/armv6k/fpu\libg.a(lib_a-sprintf.o)
                0x0011d910                sprintf
 .text.stpncpy  0x0011d978      0x108 g:/devkitpro/devkitarm/bin/../lib/gcc/arm-none-eabi/5.3.0/../../../../arm-none-eabi/lib/armv6k/fpu\libg.a(lib_a-stpncpy.o)
                0x0011d978                stpncpy
 .text.strncmp  0x0011da80      0x11c g:/devkitpro/devkitarm/bin/../lib/gcc/arm-none-eabi/5.3.0/../../../../arm-none-eabi/lib/armv6k/fpu\libg.a(lib_a-strncmp.o)
                0x0011da80                strncmp
 .text.unlikely.sulp
                0x0011db9c       0x58 g:/devkitpro/devkitarm/bin/../lib/gcc/arm-none-eabi/5.3.0/../../../../arm-none-eabi/lib/armv6k/fpu\libg.a(lib_a-strtod.o)
 *fill*         0x0011dbf4        0x4 
 .text._strtod_r
                0x0011dbf8     0x1450 g:/devkitpro/devkitarm/bin/../lib/gcc/arm-none-eabi/5.3.0/../../../../arm-none-eabi/lib/armv6k/fpu\libg.a(lib_a-strtod.o)
                0x0011dbf8                _strtod_r
 .text._strtoll_r
                0x0011f048      0x25c g:/devkitpro/devkitarm/bin/../lib/gcc/arm-none-eabi/5.3.0/../../../../arm-none-eabi/lib/armv6k/fpu\libg.a(lib_a-strtoll_r.o)
                0x0011f048                _strtoll_r
 .text._strtol_r
                0x0011f2a4      0x1d4 g:/devkitpro/devkitarm/bin/../lib/gcc/arm-none-eabi/5.3.0/../../../../arm-none-eabi/lib/armv6k/fpu\libg.a(lib_a-strtol.o)
                0x0011f2a4                _strtol_r
 .text._strtoull_r
                0x0011f478      0x268 g:/devkitpro/devkitarm/bin/../lib/gcc/arm-none-eabi/5.3.0/../../../../arm-none-eabi/lib/armv6k/fpu\libg.a(lib_a-strtoull_r.o)
                0x0011f478                _strtoull_r
 .text._strtoul_r
                0x0011f6e0      0x1d4 g:/devkitpro/devkitarm/bin/../lib/gcc/arm-none-eabi/5.3.0/../../../../arm-none-eabi/lib/armv6k/fpu\libg.a(lib_a-strtoul.o)
                0x0011f6e0                _strtoul_r
 .text.__ssprint_r
                0x0011f8b4      0x1a8 g:/devkitpro/devkitarm/bin/../lib/gcc/arm-none-eabi/5.3.0/../../../../arm-none-eabi/lib/armv6k/fpu\libg.a(lib_a-svfiprintf.o)
                0x0011f8b4                __ssprint_r
 .text._sungetc_r
                0x0011fa5c       0xf8 g:/devkitpro/devkitarm/bin/../lib/gcc/arm-none-eabi/5.3.0/../../../../arm-none-eabi/lib/armv6k/fpu\libg.a(lib_a-svfiscanf.o)
                0x0011fa5c                _sungetc_r
 .text.__ssrefill_r
                0x0011fb54       0x6c g:/devkitpro/devkitarm/bin/../lib/gcc/arm-none-eabi/5.3.0/../../../../arm-none-eabi/lib/armv6k/fpu\libg.a(lib_a-svfiscanf.o)
                0x0011fb54                __ssrefill_r
 .text._sfread_r
                0x0011fbc0       0xc8 g:/devkitpro/devkitarm/bin/../lib/gcc/arm-none-eabi/5.3.0/../../../../arm-none-eabi/lib/armv6k/fpu\libg.a(lib_a-svfiscanf.o)
                0x0011fbc0                _sfread_r
 .text.get_arg  0x0011fc88     0x161c g:/devkitpro/devkitarm/bin/../lib/gcc/arm-none-eabi/5.3.0/../../../../arm-none-eabi/lib/armv6k/fpu\libg.a(lib_a-svfprintf.o)
 *fill*         0x001212a4        0x4 
 .text._svfprintf_r
                0x001212a8     0x4a00 g:/devkitpro/devkitarm/bin/../lib/gcc/arm-none-eabi/5.3.0/../../../../arm-none-eabi/lib/armv6k/fpu\libg.a(lib_a-svfprintf.o)
                0x001212a8                _svfprintf_r
 .text.__submore
                0x00125ca8       0xa8 g:/devkitpro/devkitarm/bin/../lib/gcc/arm-none-eabi/5.3.0/../../../../arm-none-eabi/lib/armv6k/fpu\libg.a(lib_a-ungetc.o)
                0x00125ca8                __submore
 .text.__swbuf_r
                0x00125d50      0x124 g:/devkitpro/devkitarm/bin/../lib/gcc/arm-none-eabi/5.3.0/../../../../arm-none-eabi/lib/armv6k/fpu\libg.a(lib_a-wbuf.o)
                0x00125d50                __swbuf_r
 .text._wcsnrtombs_r
                0x00125e74      0x190 g:/devkitpro/devkitarm/bin/../lib/gcc/arm-none-eabi/5.3.0/../../../../arm-none-eabi/lib/armv6k/fpu\libg.a(lib_a-wcsnrtombs.o)
                0x00125e74                _wcsnrtombs_r
 .text._calloc_r
                0x00126004       0x90 g:/devkitpro/devkitarm/bin/../lib/gcc/arm-none-eabi/5.3.0/../../../../arm-none-eabi/lib/armv6k/fpu\libg.a(lib_a-callocr.o)
                0x00126004                _calloc_r
 .text.rshift   0x00126094       0xec g:/devkitpro/devkitarm/bin/../lib/gcc/arm-none-eabi/5.3.0/../../../../arm-none-eabi/lib/armv6k/fpu\libg.a(lib_a-gdtoa-gethex.o)
 .text.__gethex
                0x00126180      0x7d0 g:/devkitpro/devkitarm/bin/../lib/gcc/arm-none-eabi/5.3.0/../../../../arm-none-eabi/lib/armv6k/fpu\libg.a(lib_a-gdtoa-gethex.o)
                0x00126180                __gethex
 .text.__hexnan
                0x00126950      0x258 g:/devkitpro/devkitarm/bin/../lib/gcc/arm-none-eabi/5.3.0/../../../../arm-none-eabi/lib/armv6k/fpu\libg.a(lib_a-gdtoa-hexnan.o)
                0x00126950                __hexnan
 .text.__errno  0x00126ba8        0xc g:/devkitpro/devkitarm/bin/../lib/gcc/arm-none-eabi/5.3.0/../../../../arm-none-eabi/lib/armv6k/fpu\libg.a(lib_a-errno.o)
                0x00126ba8                __errno
 .text.strnlen  0x00126bb4       0x5c g:/devkitpro/devkitarm/bin/../lib/gcc/arm-none-eabi/5.3.0/../../../../arm-none-eabi/lib/armv6k/fpu\libg.a(lib_a-strnlen.o)
                0x00126bb4                strnlen
 .text.strrchr  0x00126c10       0x44 g:/devkitpro/devkitarm/bin/../lib/gcc/arm-none-eabi/5.3.0/../../../../arm-none-eabi/lib/armv6k/fpu\libg.a(lib_a-strrchr.o)
                0x00126c10                strrchr
 *(.glue_7)
 .glue_7        0x00126c54        0x0 linker stubs
 *(.glue_7t)
 .glue_7t       0x00126c54        0x0 linker stubs
 *(.stub)
 *(.gnu.warning)
 *(.gnu.linkonce.t*)
                0x00126c54                . = ALIGN (0x4)
 *(.fini)
 .fini          0x00126c54        0xc g:/devkitpro/devkitarm/bin/../lib/gcc/arm-none-eabi/5.3.0/armv6k/fpu/crti.o
                0x00126c54                _fini
 .fini          0x00126c60        0xc g:/devkitpro/devkitarm/bin/../lib/gcc/arm-none-eabi/5.3.0/armv6k/fpu/crtn.o
                0x00126c6c                . = ALIGN (0x4)

.vfp11_veneer   0x00126c6c        0x0
 .vfp11_veneer  0x00126c6c        0x0 linker stubs

.v4_bx          0x00126c6c        0x0
 .v4_bx         0x00126c6c        0x0 linker stubs

.iplt           0x00126c6c        0x0
 .iplt          0x00126c6c        0x0 g:/devkitpro/devkitarm/bin/../lib/gcc/arm-none-eabi/5.3.0/../../../../arm-none-eabi/lib/armv6k/fpu/3dsx_crt0.o

.rodata         0x00127000     0x4fd8
 *(.rodata)
 .rodata        0x00127000       0x30 main.o
 .rodata        0x00127030      0x168 G:/devkitpro/libctru/lib\libctru.a(console.o)
 .rodata        0x00127198       0x14 G:/devkitpro/libctru/lib\libctru.a(gfx.o)
 .rodata        0x001271ac        0xc G:/devkitpro/libctru/lib\libctru.a(apt.o)
 .rodata        0x001271b8      0x804 G:/devkitpro/libctru/lib\libctru.a(default_font.bin.o)
                0x001271b8                default_font_bin
                0x001279b8                default_font_bin_size
                0x001279b8                default_font_bin_end
 .rodata        0x001279bc       0x30 G:/devkitpro/libctru/lib\libctru.a(sdmc_dev.o)
 .rodata        0x001279ec       0x68 g:/devkitpro/devkitarm/bin/../lib/gcc/arm-none-eabi/5.3.0/../../../../arm-none-eabi/lib/armv6k/fpu\libsysbase.a(iosupport.o)
                0x001279ec                dotab_stdnull
 .rodata        0x00127a54        0xc g:/devkitpro/devkitarm/bin/../lib/gcc/arm-none-eabi/5.3.0/../../../../arm-none-eabi/lib/armv6k/fpu\libsysbase.a(chdir.o)
                0x00127a54                DIRECTORY_PARENT
                0x00127a58                DIRECTORY_THIS
                0x00127a5c                DIRECTORY_SEPARATOR
 *(.roda)
 *(.rodata.*)
 .rodata.str1.4
                0x00127a60      0x868 main.o
                                0x880 (size before relaxing)
 .rodata.str1.4
                0x001282c8       0x70 G:/devkitpro/libctru/lib\libctru.a(console.o)
 .rodata.str1.4
                0x00128338       0x16 G:/devkitpro/libctru/lib\libctru.a(apt.o)
                                 0x18 (size before relaxing)
 *fill*         0x0012834e        0x2 
 .rodata.str1.4
                0x00128350       0x16 G:/devkitpro/libctru/lib\libctru.a(cfgu.o)
                                 0x18 (size before relaxing)
 *fill*         0x00128366        0x2 
 .rodata.str1.4
                0x00128368        0x8 G:/devkitpro/libctru/lib\libctru.a(fs.o)
                                  0xc (size before relaxing)
 .rodata.str1.4
                0x00128370        0x9 G:/devkitpro/libctru/lib\libctru.a(gspgpu.o)
                                  0xc (size before relaxing)
 *fill*         0x00128379        0x3 
 .rodata.str1.4
                0x0012837c       0x15 G:/devkitpro/libctru/lib\libctru.a(hid.o)
                                 0x18 (size before relaxing)
 *fill*         0x00128391        0x3 
 .rodata.str1.4
                0x00128394        0x7 G:/devkitpro/libctru/lib\libctru.a(irrst.o)
                                  0x8 (size before relaxing)
 *fill*         0x0012839b        0x1 
 .rodata.str1.4
                0x0012839c        0x5 G:/devkitpro/libctru/lib\libctru.a(srv.o)
                                  0x8 (size before relaxing)
 *fill*         0x001283a1        0x3 
 .rodata.str1.4
                0x001283a4        0x2 G:/devkitpro/libctru/lib\libctru.a(thread.o)
                                  0x4 (size before relaxing)
 *fill*         0x001283a6        0x2 
 .rodata.str1.4
                0x001283a8        0x9 G:/devkitpro/libctru/lib\libctru.a(ptmsysm.o)
                                  0xc (size before relaxing)
 *fill*         0x001283b1        0x3 
 .rodata.str1.4
                0x001283b4        0x5 G:/devkitpro/libctru/lib\libctru.a(sdmc_dev.o)
                                  0xc (size before relaxing)
 .rodata.str1.4
                0x001283b9        0x4 g:/devkitpro/devkitarm/bin/../lib/gcc/arm-none-eabi/5.3.0/../../../../arm-none-eabi/lib/armv6k/fpu\libg.a(lib_a-impure.o)
 .rodata.str1.4
                0x001283b9        0x5 g:/devkitpro/devkitarm/bin/../lib/gcc/arm-none-eabi/5.3.0/../../../../arm-none-eabi/lib/armv6k/fpu\libg.a(lib_a-puts.o)
                                  0x4 (size before relaxing)
 *fill*         0x001283b9        0x3 
 .rodata.basefix.7044
                0x001283bc       0x24 g:/devkitpro/devkitarm/bin/../lib/gcc/arm-none-eabi/5.3.0/../../../../arm-none-eabi/lib/armv6k/fpu\libg.a(lib_a-svfscanf.o)
 .rodata.str1.4
                0x001283e0        0x5 g:/devkitpro/devkitarm/bin/../lib/gcc/arm-none-eabi/5.3.0/../../../../arm-none-eabi/lib/armv6k/fpu\libg.a(lib_a-svfscanf.o)
                                  0x8 (size before relaxing)
 *fill*         0x001283e5        0x3 
 .rodata.blanks.7115
                0x001283e8       0x10 g:/devkitpro/devkitarm/bin/../lib/gcc/arm-none-eabi/5.3.0/../../../../arm-none-eabi/lib/armv6k/fpu\libg.a(lib_a-vfiprintf.o)
 .rodata.str1.4
                0x001283f8       0x2f g:/devkitpro/devkitarm/bin/../lib/gcc/arm-none-eabi/5.3.0/../../../../arm-none-eabi/lib/armv6k/fpu\libg.a(lib_a-vfiprintf.o)
                                 0x30 (size before relaxing)
 *fill*         0x00128427        0x1 
 .rodata.zeroes.7116
                0x00128428       0x10 g:/devkitpro/devkitarm/bin/../lib/gcc/arm-none-eabi/5.3.0/../../../../arm-none-eabi/lib/armv6k/fpu\libg.a(lib_a-vfiprintf.o)
 .rodata.zeroes.7138
                0x00128438       0x10 g:/devkitpro/devkitarm/bin/../lib/gcc/arm-none-eabi/5.3.0/../../../../arm-none-eabi/lib/armv6k/fpu\libg.a(lib_a-vfprintf.o)
 .rodata.str1.4
                0x00128448       0x12 g:/devkitpro/devkitarm/bin/../lib/gcc/arm-none-eabi/5.3.0/../../../../arm-none-eabi/lib/armv6k/fpu\libg.a(lib_a-vfprintf.o)
                                 0x44 (size before relaxing)
 *fill*         0x0012845a        0x2 
 .rodata.blanks.7137
                0x0012845c       0x10 g:/devkitpro/devkitarm/bin/../lib/gcc/arm-none-eabi/5.3.0/../../../../arm-none-eabi/lib/armv6k/fpu\libg.a(lib_a-vfprintf.o)
 .rodata._ctype_
                0x0012846c      0x104 g:/devkitpro/devkitarm/bin/../lib/gcc/arm-none-eabi/5.3.0/../../../../arm-none-eabi/lib/armv6k/fpu\libg.a(lib_a-ctype_.o)
                0x0012846c                _ctype_
 .rodata.str1.4
                0x00128570       0x10 g:/devkitpro/devkitarm/bin/../lib/gcc/arm-none-eabi/5.3.0/../../../../arm-none-eabi/lib/armv6k/fpu\libg.a(lib_a-dtoa.o)
                                 0x14 (size before relaxing)
 .rodata.a1     0x00128580       0xbc g:/devkitpro/devkitarm/bin/../lib/gcc/arm-none-eabi/5.3.0/../../../../arm-none-eabi/lib/armv6k/fpu\libg.a(lib_a-jp2uc.o)
 .rodata.a2     0x0012863c       0xbc g:/devkitpro/devkitarm/bin/../lib/gcc/arm-none-eabi/5.3.0/../../../../arm-none-eabi/lib/armv6k/fpu\libg.a(lib_a-jp2uc.o)
 .rodata.a3     0x001286f8       0x5c g:/devkitpro/devkitarm/bin/../lib/gcc/arm-none-eabi/5.3.0/../../../../arm-none-eabi/lib/armv6k/fpu\libg.a(lib_a-jp2uc.o)
 .rodata.a6     0x00128754       0x70 g:/devkitpro/devkitarm/bin/../lib/gcc/arm-none-eabi/5.3.0/../../../../arm-none-eabi/lib/armv6k/fpu\libg.a(lib_a-jp2uc.o)
 .rodata.a7     0x001287c4       0xa4 g:/devkitpro/devkitarm/bin/../lib/gcc/arm-none-eabi/5.3.0/../../../../arm-none-eabi/lib/armv6k/fpu\libg.a(lib_a-jp2uc.o)
 .rodata.a8     0x00128868       0x40 g:/devkitpro/devkitarm/bin/../lib/gcc/arm-none-eabi/5.3.0/../../../../arm-none-eabi/lib/armv6k/fpu\libg.a(lib_a-jp2uc.o)
 .rodata.str1.4
                0x001288a8       0x12 g:/devkitpro/devkitarm/bin/../lib/gcc/arm-none-eabi/5.3.0/../../../../arm-none-eabi/lib/armv6k/fpu\libg.a(lib_a-jp2uc.o)
                                 0x14 (size before relaxing)
 *fill*         0x001288ba        0x2 
 .rodata.b02cf  0x001288bc     0x172c g:/devkitpro/devkitarm/bin/../lib/gcc/arm-none-eabi/5.3.0/../../../../arm-none-eabi/lib/armv6k/fpu\libg.a(lib_a-jp2uc.o)
 .rodata.d02f4  0x00129fe8     0x1a7c g:/devkitpro/devkitarm/bin/../lib/gcc/arm-none-eabi/5.3.0/../../../../arm-none-eabi/lib/armv6k/fpu\libg.a(lib_a-jp2uc.o)
 .rodata.str1.4
                0x0012ba64      0x110 g:/devkitpro/devkitarm/bin/../lib/gcc/arm-none-eabi/5.3.0/../../../../arm-none-eabi/lib/armv6k/fpu\libg.a(lib_a-locale.o)
                                0x130 (size before relaxing)
 .rodata.str1.4
                0x0012bb74        0x4 g:/devkitpro/devkitarm/bin/../lib/gcc/arm-none-eabi/5.3.0/../../../../arm-none-eabi/lib/armv6k/fpu\libg.a(lib_a-mbrtowc.o)
 *fill*         0x0012bb74        0x4 
 .rodata.__mprec_tens
                0x0012bb78       0xc8 g:/devkitpro/devkitarm/bin/../lib/gcc/arm-none-eabi/5.3.0/../../../../arm-none-eabi/lib/armv6k/fpu\libg.a(lib_a-mprec.o)
                0x0012bb78                __mprec_tens
 .rodata.p05.5412
                0x0012bc40        0xc g:/devkitpro/devkitarm/bin/../lib/gcc/arm-none-eabi/5.3.0/../../../../arm-none-eabi/lib/armv6k/fpu\libg.a(lib_a-mprec.o)
 *fill*         0x0012bc4c        0x4 
 .rodata.__mprec_bigtens
                0x0012bc50       0x28 g:/devkitpro/devkitarm/bin/../lib/gcc/arm-none-eabi/5.3.0/../../../../arm-none-eabi/lib/armv6k/fpu\libg.a(lib_a-mprec.o)
                0x0012bc50                __mprec_bigtens
 .rodata.fpinan.5417
                0x0012bc78       0x14 g:/devkitpro/devkitarm/bin/../lib/gcc/arm-none-eabi/5.3.0/../../../../arm-none-eabi/lib/armv6k/fpu\libg.a(lib_a-strtod.o)
 .rodata.str1.4
                0x0012bc8c        0xf g:/devkitpro/devkitarm/bin/../lib/gcc/arm-none-eabi/5.3.0/../../../../arm-none-eabi/lib/armv6k/fpu\libg.a(lib_a-strtod.o)
                                 0x10 (size before relaxing)
 *fill*         0x0012bc9b        0x1 
 .rodata.fpi.5381
                0x0012bc9c       0x14 g:/devkitpro/devkitarm/bin/../lib/gcc/arm-none-eabi/5.3.0/../../../../arm-none-eabi/lib/armv6k/fpu\libg.a(lib_a-strtod.o)
 .rodata.tinytens
                0x0012bcb0       0x28 g:/devkitpro/devkitarm/bin/../lib/gcc/arm-none-eabi/5.3.0/../../../../arm-none-eabi/lib/armv6k/fpu\libg.a(lib_a-strtod.o)
 .rodata.__state_table
                0x0012bcd8       0x6c g:/devkitpro/devkitarm/bin/../lib/gcc/arm-none-eabi/5.3.0/../../../../arm-none-eabi/lib/armv6k/fpu\libg.a(lib_a-svfiprintf.o)
                0x0012bcd8                __state_table
 .rodata.__chclass
                0x0012bd44      0x100 g:/devkitpro/devkitarm/bin/../lib/gcc/arm-none-eabi/5.3.0/../../../../arm-none-eabi/lib/armv6k/fpu\libg.a(lib_a-svfiprintf.o)
                0x0012bd44                __chclass
 .rodata.__action_table
                0x0012be44       0x6c g:/devkitpro/devkitarm/bin/../lib/gcc/arm-none-eabi/5.3.0/../../../../arm-none-eabi/lib/armv6k/fpu\libg.a(lib_a-svfiprintf.o)
                0x0012be44                __action_table
 .rodata.blanks.7122
                0x0012beb0       0x10 g:/devkitpro/devkitarm/bin/../lib/gcc/arm-none-eabi/5.3.0/../../../../arm-none-eabi/lib/armv6k/fpu\libg.a(lib_a-svfprintf.o)
 .rodata.str1.4
                0x0012bec0       0x44 g:/devkitpro/devkitarm/bin/../lib/gcc/arm-none-eabi/5.3.0/../../../../arm-none-eabi/lib/armv6k/fpu\libg.a(lib_a-svfprintf.o)
 .rodata.zeroes.7123
                0x0012bec0       0x10 g:/devkitpro/devkitarm/bin/../lib/gcc/arm-none-eabi/5.3.0/../../../../arm-none-eabi/lib/armv6k/fpu\libg.a(lib_a-svfprintf.o)
 .rodata.__hexdig
                0x0012bed0      0x100 g:/devkitpro/devkitarm/bin/../lib/gcc/arm-none-eabi/5.3.0/../../../../arm-none-eabi/lib/armv6k/fpu\libg.a(lib_a-gdtoa-gethex.o)
                0x0012bed0                __hexdig
 .rodata.str1.4
                0x0012bfd0        0x8 g:/devkitpro/devkitarm/bin/../lib/gcc/arm-none-eabi/5.3.0/../../../../arm-none-eabi/lib/armv6k/fpu\libsysbase.a(iosupport.o)
 *all.rodata*(*)
 *(.gnu.linkonce.r*)
                0x0012bfd8                . = ALIGN (0x4)

.eh_frame       0x0012bfd8        0x0
 .eh_frame      0x0012bfd8        0x0 g:/devkitpro/devkitarm/bin/../lib/gcc/arm-none-eabi/5.3.0/armv6k/fpu/crtbegin.o

.rel.dyn        0x0012bfd8        0x0
 .rel.iplt      0x0012bfd8        0x0 g:/devkitpro/devkitarm/bin/../lib/gcc/arm-none-eabi/5.3.0/../../../../arm-none-eabi/lib/armv6k/fpu/3dsx_crt0.o

.ARM.extab
 *(.ARM.extab* .gnu.linkonce.armextab.*)
                0x0012bfd8                __exidx_start = .

ARM.exidx
 *(.ARM.exidx* .gnu.linkonce.armexidx.*)
                0x0012bfd8                __exidx_end = .

.data           0x0012c000     0x2e40
 *(.data)
 .data          0x0012c000       0x54 G:/devkitpro/libctru/lib\libctru.a(console.o)
                0x0012c000                defaultConsole
                0x0012c04c                currentConsole
 .data          0x0012c054        0xc G:/devkitpro/libctru/lib\libctru.a(gfx.o)
 .data          0x0012c060        0x4 G:/devkitpro/libctru/lib\libctru.a(stack_adjust.o)
                0x0012c060                __stacksize__
 *fill*         0x0012c064        0x4 
 .data          0x0012c068      0x488 G:/devkitpro/libctru/lib\libctru.a(sdmc_dev.o)
 .data          0x0012c4f0       0x44 g:/devkitpro/devkitarm/bin/../lib/gcc/arm-none-eabi/5.3.0/../../../../arm-none-eabi/lib/armv6k/fpu\libsysbase.a(iosupport.o)
                0x0012c4f4                devoptab_list
 .data          0x0012c534     0x1000 g:/devkitpro/devkitarm/bin/../lib/gcc/arm-none-eabi/5.3.0/../../../../arm-none-eabi/lib/armv6k/fpu\libsysbase.a(chdir.o)
 .data          0x0012d534     0x1028 g:/devkitpro/devkitarm/bin/../lib/gcc/arm-none-eabi/5.3.0/../../../../arm-none-eabi/lib/armv6k/fpu\libsysbase.a(handle_manager.o)
 *(.data.*)
 .data.__sfp_lock
                0x0012e55c        0xc g:/devkitpro/devkitarm/bin/../lib/gcc/arm-none-eabi/5.3.0/../../../../arm-none-eabi/lib/armv6k/fpu\libg.a(lib_a-findfp.o)
 .data.__sinit_lock
                0x0012e568        0xc g:/devkitpro/devkitarm/bin/../lib/gcc/arm-none-eabi/5.3.0/../../../../arm-none-eabi/lib/armv6k/fpu\libg.a(lib_a-findfp.o)
 *fill*         0x0012e574        0x4 
 .data.impure_data
                0x0012e578      0x440 g:/devkitpro/devkitarm/bin/../lib/gcc/arm-none-eabi/5.3.0/../../../../arm-none-eabi/lib/armv6k/fpu\libg.a(lib_a-impure.o)
 .data._impure_ptr
                0x0012e9b8        0x4 g:/devkitpro/devkitarm/bin/../lib/gcc/arm-none-eabi/5.3.0/../../../../arm-none-eabi/lib/armv6k/fpu\libg.a(lib_a-impure.o)
                0x0012e9b8                _impure_ptr
 .data.__malloc_av_
                0x0012e9bc      0x408 g:/devkitpro/devkitarm/bin/../lib/gcc/arm-none-eabi/5.3.0/../../../../arm-none-eabi/lib/armv6k/fpu\libg.a(lib_a-mallocr.o)
                0x0012e9bc                __malloc_av_
 .data.__malloc_trim_threshold
                0x0012edc4        0x4 g:/devkitpro/devkitarm/bin/../lib/gcc/arm-none-eabi/5.3.0/../../../../arm-none-eabi/lib/armv6k/fpu\libg.a(lib_a-mallocr.o)
                0x0012edc4                __malloc_trim_threshold
 .data.__malloc_sbrk_base
                0x0012edc8        0x4 g:/devkitpro/devkitarm/bin/../lib/gcc/arm-none-eabi/5.3.0/../../../../arm-none-eabi/lib/armv6k/fpu\libg.a(lib_a-mallocr.o)
                0x0012edc8                __malloc_sbrk_base
 .data.__malloc_lock_object
                0x0012edcc        0xc g:/devkitpro/devkitarm/bin/../lib/gcc/arm-none-eabi/5.3.0/../../../../arm-none-eabi/lib/armv6k/fpu\libg.a(lib_a-mlock.o)
 .data.__wctomb
                0x0012edd8        0x4 g:/devkitpro/devkitarm/bin/../lib/gcc/arm-none-eabi/5.3.0/../../../../arm-none-eabi/lib/armv6k/fpu\libg.a(lib_a-wctomb_r.o)
                0x0012edd8                __wctomb
 .data.__ctype_ptr__
                0x0012eddc        0x4 g:/devkitpro/devkitarm/bin/../lib/gcc/arm-none-eabi/5.3.0/../../../../arm-none-eabi/lib/armv6k/fpu\libg.a(lib_a-ctype_.o)
                0x0012eddc                __ctype_ptr__
 .data.lconv    0x0012ede0       0x38 g:/devkitpro/devkitarm/bin/../lib/gcc/arm-none-eabi/5.3.0/../../../../arm-none-eabi/lib/armv6k/fpu\libg.a(lib_a-locale.o)
 .data.lc_ctype_charset
                0x0012ee18       0x20 g:/devkitpro/devkitarm/bin/../lib/gcc/arm-none-eabi/5.3.0/../../../../arm-none-eabi/lib/armv6k/fpu\libg.a(lib_a-locale.o)
 .data.__mb_cur_max
                0x0012ee38        0x4 g:/devkitpro/devkitarm/bin/../lib/gcc/arm-none-eabi/5.3.0/../../../../arm-none-eabi/lib/armv6k/fpu\libg.a(lib_a-locale.o)
                0x0012ee38                __mb_cur_max
 .data.__mbtowc
                0x0012ee3c        0x4 g:/devkitpro/devkitarm/bin/../lib/gcc/arm-none-eabi/5.3.0/../../../../arm-none-eabi/lib/armv6k/fpu\libg.a(lib_a-mbtowc_r.o)
                0x0012ee3c                __mbtowc
 *(.gnu.linkonce.d*)
                0x0012ee40                . = ALIGN (0x4)

.igot.plt       0x0012ee40        0x0
 .igot.plt      0x0012ee40        0x0 g:/devkitpro/devkitarm/bin/../lib/gcc/arm-none-eabi/5.3.0/../../../../arm-none-eabi/lib/armv6k/fpu/3dsx_crt0.o

.jcr            0x0012ee40        0x0
 .jcr           0x0012ee40        0x0 g:/devkitpro/devkitarm/bin/../lib/gcc/arm-none-eabi/5.3.0/armv6k/fpu/crtbegin.o

.tm_clone_table
                0x0012ee40        0x0
 .tm_clone_table
                0x0012ee40        0x0 g:/devkitpro/devkitarm/bin/../lib/gcc/arm-none-eabi/5.3.0/armv6k/fpu/crtbegin.o
 .tm_clone_table
                0x0012ee40        0x0 g:/devkitpro/devkitarm/bin/../lib/gcc/arm-none-eabi/5.3.0/armv6k/fpu/crtend.o
                0x0012ee40                __TMC_END__

.tdata          0x0012ee40        0x0
                0x0012ee40                __tdata_lma = .
 *(.tdata)
 *(.tdata.*)
 *(.gnu.linkonce.td.*)
                0x0012ee40                . = ALIGN (0x4)
                0x0012ee40                __tdata_lma_end = .

.tbss           0x0012ee40     0x340c
 *(.tbss)
 .tbss          0x0012ee40     0x340c G:/devkitpro/libctru/lib\libctru.a(sdmc_dev.o)
 *(.tbss.*)
 *(.gnu.linkonce.tb.*)
 *(.tcommon)
                0x0013224c                . = ALIGN (0x4)

.preinit_array  0x0012ee40        0x0
                0x0012ee40                PROVIDE (__preinit_array_start, .)
 *(.preinit_array)
                0x0012ee40                PROVIDE (__preinit_array_end, .)

.init_array     0x0012ee40        0x4
                0x0012ee40                PROVIDE (__init_array_start, .)
 *(SORT(.init_array.*))
 *(.init_array)
 .init_array    0x0012ee40        0x4 g:/devkitpro/devkitarm/bin/../lib/gcc/arm-none-eabi/5.3.0/armv6k/fpu/crtbegin.o
                0x0012ee44                PROVIDE (__init_array_end, .)

.fini_array     0x0012ee44        0x4
                0x0012ee44                PROVIDE (__fini_array_start, .)
 *(.fini_array)
 .fini_array    0x0012ee44        0x4 g:/devkitpro/devkitarm/bin/../lib/gcc/arm-none-eabi/5.3.0/armv6k/fpu/crtbegin.o
 *(SORT(.fini_array.*))
                0x0012ee48                PROVIDE (__fini_array_end, .)

.ctors
 *crtbegin.o(.ctors)
 *(EXCLUDE_FILE(*crtend.o) .ctors)
 *(SORT(.ctors.*))
 *(.ctors)

.dtors
 *crtbegin.o(.dtors)
 *(EXCLUDE_FILE(*crtend.o) .dtors)
 *(SORT(.dtors.*))
 *(.dtors)
                0x0012ee48                __bss_start__ = .

.bss            0x0012ee48     0x5784
 *(.dynbss)
 *(.bss)
 .bss           0x0012ee48       0x1c g:/devkitpro/devkitarm/bin/../lib/gcc/arm-none-eabi/5.3.0/armv6k/fpu/crtbegin.o
 .bss           0x0012ee64        0xc G:/devkitpro/libctru/lib\libctru.a(gfx.o)
 .bss           0x0012ee70       0x54 G:/devkitpro/libctru/lib\libctru.a(apt.o)
                0x0012ee80                aptStatus
                0x0012eeac                aptStatusBeforeSleep
 .bss           0x0012eec4        0x8 G:/devkitpro/libctru/lib\libctru.a(cfgu.o)
 .bss           0x0012eecc        0x8 G:/devkitpro/libctru/lib\libctru.a(fs.o)
 .bss           0x0012eed4        0xc G:/devkitpro/libctru/lib\libctru.a(gspgpu.o)
 .bss           0x0012eee0       0x2c G:/devkitpro/libctru/lib\libctru.a(hid.o)
 .bss           0x0012ef0c        0xc G:/devkitpro/libctru/lib\libctru.a(irrst.o)
 .bss           0x0012ef18        0x8 G:/devkitpro/libctru/lib\libctru.a(ptmu.o)
 .bss           0x0012ef20        0x8 G:/devkitpro/libctru/lib\libctru.a(stack_adjust.o)
 .bss           0x0012ef28       0x14 G:/devkitpro/libctru/lib\libctru.a(linear.o)
 .bss           0x0012ef3c       0x14 G:/devkitpro/libctru/lib\libctru.a(mappable.o)
 .bss           0x0012ef50       0x14 G:/devkitpro/libctru/lib\libctru.a(vram.o)
 .bss           0x0012ef64        0x1 G:/devkitpro/libctru/lib\libctru.a(os.o)
                0x0012ef64                __ctru_speedup
 *fill*         0x0012ef65        0x3 
 .bss           0x0012ef68        0x8 G:/devkitpro/libctru/lib\libctru.a(srv.o)
 .bss           0x0012ef70        0x4 G:/devkitpro/libctru/lib\libctru.a(synchronization.o)
 .bss           0x0012ef74        0x8 G:/devkitpro/libctru/lib\libctru.a(ptmsysm.o)
 .bss           0x0012ef7c        0x1 G:/devkitpro/libctru/lib\libctru.a(sdmc_dev.o)
 *fill*         0x0012ef7d        0x3 
 .bss           0x0012ef80        0x4 g:/devkitpro/devkitarm/bin/../lib/gcc/arm-none-eabi/5.3.0/../../../../arm-none-eabi/lib/armv6k/fpu\libsysbase.a(sbrk.o)
 .bss           0x0012ef84        0x8 g:/devkitpro/devkitarm/bin/../lib/gcc/arm-none-eabi/5.3.0/../../../../arm-none-eabi/lib/armv6k/fpu\libsysbase.a(malloc_vars.o)
                0x0012ef84                fake_heap_start
                0x0012ef88                fake_heap_end
 .bss           0x0012ef8c     0x1000 g:/devkitpro/devkitarm/bin/../lib/gcc/arm-none-eabi/5.3.0/../../../../arm-none-eabi/lib/armv6k/fpu\libsysbase.a(chdir.o)
 .bss           0x0012ff8c       0x38 g:/devkitpro/devkitarm/bin/../lib/gcc/arm-none-eabi/5.3.0/../../../../arm-none-eabi/lib/armv6k/fpu\libsysbase.a(syscall_support.o)
                0x0012ff8c                __syscalls
 *(.bss.*)
 .bss.__malloc_max_total_mem
                0x0012ffc4        0x4 g:/devkitpro/devkitarm/bin/../lib/gcc/arm-none-eabi/5.3.0/../../../../arm-none-eabi/lib/armv6k/fpu\libg.a(lib_a-mallocr.o)
                0x0012ffc4                __malloc_max_total_mem
 .bss.__malloc_max_sbrked_mem
                0x0012ffc8        0x4 g:/devkitpro/devkitarm/bin/../lib/gcc/arm-none-eabi/5.3.0/../../../../arm-none-eabi/lib/armv6k/fpu\libg.a(lib_a-mallocr.o)
                0x0012ffc8                __malloc_max_sbrked_mem
 .bss.__malloc_top_pad
                0x0012ffcc        0x4 g:/devkitpro/devkitarm/bin/../lib/gcc/arm-none-eabi/5.3.0/../../../../arm-none-eabi/lib/armv6k/fpu\libg.a(lib_a-mallocr.o)
                0x0012ffcc                __malloc_top_pad
 .bss.__malloc_current_mallinfo
                0x0012ffd0       0x28 g:/devkitpro/devkitarm/bin/../lib/gcc/arm-none-eabi/5.3.0/../../../../arm-none-eabi/lib/armv6k/fpu\libg.a(lib_a-mallocr.o)
                0x0012ffd0                __malloc_current_mallinfo
 *(.gnu.linkonce.b*)
 *(COMMON)
 COMMON         0x0012fff8       0x5c main.o
                0x0012fff8                fbBottom
                0x0012fffc                fbTopLeft
                0x00130000                topConsole
                0x0013004c                fbTopRight
                0x00130050                am
 COMMON         0x00130054       0x4c G:/devkitpro/libctru/lib\libctru.a(console.o)
                0x00130054                currentCopy
 COMMON         0x001300a0       0x60 G:/devkitpro/libctru/lib\libctru.a(gfx.o)
                0x001300a0                gfxBottomFramebuffers
                0x001300a8                gspSharedMemHandle
                0x001300ac                bottomFramebufferInfo
                0x001300c8                gspEvent
                0x001300cc                gfxTopLeftFramebuffers
                0x001300d4                gfxTopRightFramebuffers
                0x001300dc                topFramebufferInfo
                0x001300f8                gfxThreadID
                0x001300fc                gfxSharedMemory
 COMMON         0x00130100        0x4 G:/devkitpro/libctru/lib\libctru.a(gx.o)
                0x00130100                gxCmdBuf
 COMMON         0x00130104     0x102a G:/devkitpro/libctru/lib\libctru.a(apt.o)
                0x00130104                aptEventHandlerThread
                0x00130108                aptSleepSync
                0x0013010c                aptParameters
                0x0013110c                aptuHandle
                0x00131110                aptEvents
                0x0013111c                aptStatusEvent
                0x00131120                aptStatusPower
                0x00131124                aptStatusMutex
                0x00131128                aptLockHandle
                0x0013112c                currentAppId
 *fill*         0x0013112e        0x2 
 COMMON         0x00131130       0x41 G:/devkitpro/libctru/lib\libctru.a(gspgpu.o)
                0x00131130                gspGpuHandle
                0x00131134                gspEventThread
                0x00131138                gspEventCounts
                0x00131154                gspEvents
                0x00131170                gspRunEvents
 *fill*         0x00131171        0x3 
 COMMON         0x00131174       0x20 G:/devkitpro/libctru/lib\libctru.a(hid.o)
                0x00131174                hidMemHandle
                0x00131178                hidHandle
                0x0013117c                hidSharedMem
                0x00131180                hidEvents
 COMMON         0x00131194       0x10 G:/devkitpro/libctru/lib\libctru.a(irrst.o)
                0x00131194                irrstHandle
                0x00131198                irrstEvent
                0x0013119c                irrstMemHandle
                0x001311a0                irrstSharedMem
 COMMON         0x001311a4        0x8 G:/devkitpro/libctru/lib\libctru.a(initArgv.o)
                0x001311a4                __system_argv